../LWIP/Target/ethernetif.c:91:6:HAL_ETH_MspInit	64	static
../LWIP/Target/ethernetif.c:155:6:HAL_ETH_MspDeInit	16	static
../LWIP/Target/ethernetif.c:198:6:HAL_ETH_RxCpltCallback	16	static
../LWIP/Target/ethernetif.c:217:13:low_level_init	72	static
../LWIP/Target/ethernetif.c:340:14:low_level_output	48	static
../LWIP/Target/ethernetif.c:424:22:low_level_input	56	static
../LWIP/Target/ethernetif.c:513:6:ethernetif_input	24	static
../LWIP/Target/ethernetif.c:572:7:ethernetif_init	16	static
../LWIP/Target/ethernetif.c:619:7:sys_jiffies	8	static
../LWIP/Target/ethernetif.c:630:7:sys_now	8	static
../LWIP/Target/ethernetif.c:642:6:ethernetif_set_link	24	static
../LWIP/Target/ethernetif.c:683:6:ethernetif_update_config	24	static
../LWIP/Target/ethernetif.c:771:13:ethernetif_notify_conn_changed	16	static
