/Applications/STM32CubeIDE.app/Contents/Eclipse/plugins/com.st.stm32cube.ide.mcu.externaltools.gnu-tools-for-stm32.10.3-2021.10.macos64_1.0.100.202210260954/tools/arm-none-eabi/include/c++/10.3.1/type_traits:62:17:constexpr std::integral_constant<_Tp, __v>::operator std::integral_constant<_Tp, __v>::value_type() const [with _Tp = bool; _Tp __v = true]	16	static
/Users/flavio/STM32CubeIDE/workspace_1.11.2/Trackle_nucleo_boilerplate/trackle-library/include/file_transfer.h:76:18:unsigned int FileTransfer::Descriptor::chunk_count(unsigned int)	16	static
/Users/flavio/STM32CubeIDE/workspace_1.11.2/Trackle_nucleo_boilerplate/trackle-library/include/coap.h:146:31:static trackle::protocol::message_id_t trackle::protocol::CoAP::message_id(uint8_t*)	16	static
/Users/flavio/STM32CubeIDE/workspace_1.11.2/Trackle_nucleo_boilerplate/trackle-library/include/message_channel.h:66:4:trackle::protocol::Message::Message()	16	static
/Users/flavio/STM32CubeIDE/workspace_1.11.2/Trackle_nucleo_boilerplate/trackle-library/include/message_channel.h:68:4:trackle::protocol::Message::Message(uint8_t*, size_t, size_t)	24	static
/Users/flavio/STM32CubeIDE/workspace_1.11.2/Trackle_nucleo_boilerplate/trackle-library/include/message_channel.h:72:11:size_t trackle::protocol::Message::capacity() const	16	static
/Users/flavio/STM32CubeIDE/workspace_1.11.2/Trackle_nucleo_boilerplate/trackle-library/include/message_channel.h:73:13:uint8_t* trackle::protocol::Message::buf() const	16	static
/Users/flavio/STM32CubeIDE/workspace_1.11.2/Trackle_nucleo_boilerplate/trackle-library/include/message_channel.h:74:11:size_t trackle::protocol::Message::length() const	16	static
/Users/flavio/STM32CubeIDE/workspace_1.11.2/Trackle_nucleo_boilerplate/trackle-library/include/message_channel.h:76:9:void trackle::protocol::Message::set_length(size_t)	16	static
/Users/flavio/STM32CubeIDE/workspace_1.11.2/Trackle_nucleo_boilerplate/trackle-library/include/message_channel.h:88:9:void trackle::protocol::Message::set_id(trackle::protocol::message_id_t)	16	static
/Users/flavio/STM32CubeIDE/workspace_1.11.2/Trackle_nucleo_boilerplate/trackle-library/include/message_channel.h:123:9:void trackle::protocol::Message::set_confirm_received(bool)	16	static
/Users/flavio/STM32CubeIDE/workspace_1.11.2/Trackle_nucleo_boilerplate/trackle-library/include/messages.h:32:25:uint32_t trackle::protocol::decode_uint32(unsigned char*)	16	static
/Users/flavio/STM32CubeIDE/workspace_1.11.2/Trackle_nucleo_boilerplate/trackle-library/include/messages.h:37:25:uint16_t trackle::protocol::decode_uint16(unsigned char*)	16	static
/Users/flavio/STM32CubeIDE/workspace_1.11.2/Trackle_nucleo_boilerplate/trackle-library/include/messages.h:42:24:uint8_t trackle::protocol::decode_uint8(unsigned char*)	16	static
/Users/flavio/STM32CubeIDE/workspace_1.11.2/Trackle_nucleo_boilerplate/trackle-library/include/messages.h:94:34:static size_t trackle::protocol::Messages::empty_ack(unsigned char*, unsigned char, unsigned char)	16	static
/Users/flavio/STM32CubeIDE/workspace_1.11.2/Trackle_nucleo_boilerplate/trackle-library/include/messages.h:101:34:static size_t trackle::protocol::Messages::coded_ack(unsigned char*, unsigned char, unsigned char, unsigned char)	16	static
/Users/flavio/STM32CubeIDE/workspace_1.11.2/Trackle_nucleo_boilerplate/trackle-library/include/messages.h:113:34:static size_t trackle::protocol::Messages::coded_ack(unsigned char*, unsigned char, unsigned char, unsigned char, unsigned char)	16	static
/Users/flavio/STM32CubeIDE/workspace_1.11.2/Trackle_nucleo_boilerplate/trackle-library/include/messages.h:146:34:static size_t trackle::protocol::Messages::update_ready(unsigned char*, trackle::protocol::message_id_t, trackle::protocol::token_t, uint8_t, bool)	32	static
/Users/flavio/STM32CubeIDE/workspace_1.11.2/Trackle_nucleo_boilerplate/trackle-library/include/messages.h:151:34:static size_t trackle::protocol::Messages::chunk_received(unsigned char*, trackle::protocol::message_id_t, trackle::protocol::token_t, trackle::protocol::ChunkReceivedCode::Enum, bool)	24	static
/Users/flavio/STM32CubeIDE/workspace_1.11.2/Trackle_nucleo_boilerplate/trackle-library/include/messages.h:156:34:static size_t trackle::protocol::Messages::separate_response(unsigned char*, trackle::protocol::message_id_t, unsigned char, unsigned char, bool)	32	static
/Users/flavio/STM32CubeIDE/workspace_1.11.2/Trackle_nucleo_boilerplate/trackle-library/include/chunked_transfer.h:93:13:unsigned int trackle::protocol::ChunkedTransfer::chunk_bitmap_size()	16	static
/Users/flavio/STM32CubeIDE/workspace_1.11.2/Trackle_nucleo_boilerplate/trackle-library/include/chunked_transfer.h:98:13:uint8_t* trackle::protocol::ChunkedTransfer::chunk_bitmap()	16	static
/Users/flavio/STM32CubeIDE/workspace_1.11.2/Trackle_nucleo_boilerplate/trackle-library/include/chunked_transfer.h:103:16:void trackle::protocol::ChunkedTransfer::flag_chunk_received(trackle::protocol::chunk_index_t)	16	static
/Users/flavio/STM32CubeIDE/workspace_1.11.2/Trackle_nucleo_boilerplate/trackle-library/include/chunked_transfer.h:109:16:bool trackle::protocol::ChunkedTransfer::is_chunk_received(trackle::protocol::chunk_index_t)	16	static
/Users/flavio/STM32CubeIDE/workspace_1.11.2/Trackle_nucleo_boilerplate/trackle-library/include/chunked_transfer.h:150:9:bool trackle::protocol::ChunkedTransfer::is_updating()	16	static
/Users/flavio/STM32CubeIDE/workspace_1.11.2/Trackle_nucleo_boilerplate/trackle-library/include/chunked_transfer.h:155:9:void trackle::protocol::ChunkedTransfer::reset_updating()	16	static
/Applications/STM32CubeIDE.app/Contents/Eclipse/plugins/com.st.stm32cube.ide.mcu.externaltools.gnu-tools-for-stm32.10.3-2021.10.macos64_1.0.100.202210260954/tools/arm-none-eabi/include/c++/10.3.1/arm-none-eabi/thumb/v7-m/nofp/bits/gthr-default.h:229:1:int __gthread_key_delete(__gthread_key_t)	16	static
/Applications/STM32CubeIDE.app/Contents/Eclipse/plugins/com.st.stm32cube.ide.mcu.externaltools.gnu-tools-for-stm32.10.3-2021.10.macos64_1.0.100.202210260954/tools/arm-none-eabi/include/c++/10.3.1/bits/basic_string.h:6609:3:std::string std::__cxx11::to_string(int)	40	static
../trackle-library/src/chunked_transfer.cpp:11:23:trackle::protocol::ProtocolError trackle::protocol::ChunkedTransfer::handle_update_begin(trackle::protocol::token_t, trackle::protocol::Message&, trackle::protocol::MessageChannel&)	152	static
../trackle-library/src/chunked_transfer.cpp:99:23:trackle::protocol::ProtocolError trackle::protocol::ChunkedTransfer::handle_chunk(trackle::protocol::token_t, trackle::protocol::Message&, trackle::protocol::MessageChannel&)	848	static
../trackle-library/src/chunked_transfer.cpp:200:16:size_t trackle::protocol::ChunkedTransfer::notify_update_done(trackle::protocol::Message&, trackle::protocol::Message&, trackle::protocol::MessageChannel&, trackle::protocol::token_t, uint8_t)	576	static
../trackle-library/src/chunked_transfer.cpp:239:23:trackle::protocol::ProtocolError trackle::protocol::ChunkedTransfer::handle_update_done(trackle::protocol::token_t, trackle::protocol::Message&, trackle::protocol::MessageChannel&)	128	static
../trackle-library/src/chunked_transfer.cpp:285:23:trackle::protocol::ProtocolError trackle::protocol::ChunkedTransfer::send_missing_chunks(trackle::protocol::MessageChannel&, size_t)	104	static
../trackle-library/src/chunked_transfer.cpp:325:23:trackle::protocol::ProtocolError trackle::protocol::ChunkedTransfer::idle(trackle::protocol::MessageChannel&)	16	static
../trackle-library/src/chunked_transfer.cpp:332:14:void trackle::protocol::ChunkedTransfer::cancel()	296	static
../trackle-library/src/chunked_transfer.cpp:342:23:trackle::protocol::chunk_index_t trackle::protocol::ChunkedTransfer::next_chunk_missing(trackle::protocol::chunk_index_t)	24	static
../trackle-library/src/chunked_transfer.cpp:359:14:void trackle::protocol::ChunkedTransfer::set_chunks_received(uint8_t)	24	static
/Applications/STM32CubeIDE.app/Contents/Eclipse/plugins/com.st.stm32cube.ide.mcu.externaltools.gnu-tools-for-stm32.10.3-2021.10.macos64_1.0.100.202210260954/tools/arm-none-eabi/include/c++/10.3.1/bits/charconv.h:47:5:constexpr unsigned int std::__detail::__to_chars_len(_Tp, int) [with _Tp = unsigned int]	32	static
/Applications/STM32CubeIDE.app/Contents/Eclipse/plugins/com.st.stm32cube.ide.mcu.externaltools.gnu-tools-for-stm32.10.3-2021.10.macos64_1.0.100.202210260954/tools/arm-none-eabi/include/c++/10.3.1/bits/charconv.h:72:5:void std::__detail::__to_chars_10_impl(char*, unsigned int, _Tp) [with _Tp = unsigned int]	40	static
/Applications/STM32CubeIDE.app/Contents/Eclipse/plugins/com.st.stm32cube.ide.mcu.externaltools.gnu-tools-for-stm32.10.3-2021.10.macos64_1.0.100.202210260954/tools/arm-none-eabi/include/c++/10.3.1/bits/basic_string.h:6121:5:std::__cxx11::basic_string<_CharT, _Traits, _Alloc> std::operator+(std::__cxx11::basic_string<_CharT, _Traits, _Alloc>&&, std::__cxx11::basic_string<_CharT, _Traits, _Alloc>&&) [with _CharT = char; _Traits = std::char_traits<char>; _Alloc = std::allocator<char>]	56	static
/Users/flavio/STM32CubeIDE/workspace_1.11.2/Trackle_nucleo_boilerplate/trackle-library/include/logging.h:291:24:static const char* _LogCategoryWrapper<T>::name() [with T = _LogGlobalCategory]	4	static
/Applications/STM32CubeIDE.app/Contents/Eclipse/plugins/com.st.stm32cube.ide.mcu.externaltools.gnu-tools-for-stm32.10.3-2021.10.macos64_1.0.100.202210260954/tools/arm-none-eabi/include/c++/10.3.1/bits/stl_algobase.h:254:5:constexpr const _Tp& std::max(const _Tp&, const _Tp&) [with _Tp = unsigned int]	16	static
/Applications/STM32CubeIDE.app/Contents/Eclipse/plugins/com.st.stm32cube.ide.mcu.externaltools.gnu-tools-for-stm32.10.3-2021.10.macos64_1.0.100.202210260954/tools/arm-none-eabi/include/c++/10.3.1/bits/stl_algobase.h:230:5:constexpr const _Tp& std::min(const _Tp&, const _Tp&) [with _Tp = unsigned int]	16	static
/Applications/STM32CubeIDE.app/Contents/Eclipse/plugins/com.st.stm32cube.ide.mcu.externaltools.gnu-tools-for-stm32.10.3-2021.10.macos64_1.0.100.202210260954/tools/arm-none-eabi/include/c++/10.3.1/bits/allocator.h:212:7:bool std::operator==(const std::allocator<char>&, const std::allocator<char>&)	16	static
/Applications/STM32CubeIDE.app/Contents/Eclipse/plugins/com.st.stm32cube.ide.mcu.externaltools.gnu-tools-for-stm32.10.3-2021.10.macos64_1.0.100.202210260954/tools/arm-none-eabi/include/c++/10.3.1/bits/move.h:101:5:constexpr typename std::remove_reference<_Tp>::type&& std::move(_Tp&&) [with _Tp = std::__cxx11::basic_string<char>&]	16	static
../trackle-library/src/chunked_transfer.cpp:367:1:void __static_initialization_and_destruction_0(int, int)	16	static
../trackle-library/src/chunked_transfer.cpp:367:1:cpp)	8	static
../trackle-library/src/chunked_transfer.cpp:367:1:cpp)	8	static
