/Applications/STM32CubeIDE.app/Contents/Eclipse/plugins/com.st.stm32cube.ide.mcu.externaltools.gnu-tools-for-stm32.10.3-2021.10.macos64_1.0.100.202210260954/tools/arm-none-eabi/include/c++/10.3.1/new:174:33:void* operator new(std::size_t, void*)	16	static
/Applications/STM32CubeIDE.app/Contents/Eclipse/plugins/com.st.stm32cube.ide.mcu.externaltools.gnu-tools-for-stm32.10.3-2021.10.macos64_1.0.100.202210260954/tools/arm-none-eabi/include/c++/10.3.1/bits/std_function.h:248:10:bool std::_Function_base::_M_empty() const	16	static
/Applications/STM32CubeIDE.app/Contents/Eclipse/plugins/com.st.stm32cube.ide.mcu.externaltools.gnu-tools-for-stm32.10.3-2021.10.macos64_1.0.100.202210260954/tools/arm-none-eabi/include/c++/10.3.1/type_traits:62:17:constexpr std::integral_constant<_Tp, __v>::operator std::integral_constant<_Tp, __v>::value_type() const [with _Tp = bool; _Tp __v = true]	16	static
/Users/flavio/STM32CubeIDE/workspace_1.11.2/Trackle_nucleo_boilerplate/trackle-library/include/coap.h:146:31:static trackle::protocol::message_id_t trackle::protocol::CoAP::message_id(uint8_t*)	16	static
/Users/flavio/STM32CubeIDE/workspace_1.11.2/Trackle_nucleo_boilerplate/trackle-library/include/message_channel.h:68:4:trackle::protocol::Message::Message(uint8_t*, size_t, size_t)	24	static
/Users/flavio/STM32CubeIDE/workspace_1.11.2/Trackle_nucleo_boilerplate/trackle-library/include/message_channel.h:73:13:uint8_t* trackle::protocol::Message::buf() const	16	static
/Users/flavio/STM32CubeIDE/workspace_1.11.2/Trackle_nucleo_boilerplate/trackle-library/include/message_channel.h:74:11:size_t trackle::protocol::Message::length() const	16	static
/Users/flavio/STM32CubeIDE/workspace_1.11.2/Trackle_nucleo_boilerplate/trackle-library/include/message_channel.h:76:9:void trackle::protocol::Message::set_length(size_t)	16	static
/Users/flavio/STM32CubeIDE/workspace_1.11.2/Trackle_nucleo_boilerplate/trackle-library/include/message_channel.h:88:9:void trackle::protocol::Message::set_id(trackle::protocol::message_id_t)	16	static
/Users/flavio/STM32CubeIDE/workspace_1.11.2/Trackle_nucleo_boilerplate/trackle-library/include/message_channel.h:89:9:bool trackle::protocol::Message::has_id()	16	static
/Users/flavio/STM32CubeIDE/workspace_1.11.2/Trackle_nucleo_boilerplate/trackle-library/include/message_channel.h:90:17:trackle::protocol::message_id_t trackle::protocol::Message::get_id()	16	static
/Users/flavio/STM32CubeIDE/workspace_1.11.2/Trackle_nucleo_boilerplate/trackle-library/include/message_channel.h:98:19:trackle::protocol::CoAPType::Enum trackle::protocol::Message::get_type() const	16	static
/Users/flavio/STM32CubeIDE/workspace_1.11.2/Trackle_nucleo_boilerplate/trackle-library/include/message_channel.h:115:9:bool trackle::protocol::Message::decode_id()	24	static
/Applications/STM32CubeIDE.app/Contents/Eclipse/plugins/com.st.stm32cube.ide.mcu.externaltools.gnu-tools-for-stm32.10.3-2021.10.macos64_1.0.100.202210260954/tools/arm-none-eabi/include/c++/10.3.1/arm-none-eabi/thumb/v7-m/nofp/bits/gthr-default.h:229:1:int __gthread_key_delete(__gthread_key_t)	16	static
/Applications/STM32CubeIDE.app/Contents/Eclipse/plugins/com.st.stm32cube.ide.mcu.externaltools.gnu-tools-for-stm32.10.3-2021.10.macos64_1.0.100.202210260954/tools/arm-none-eabi/include/c++/10.3.1/bits/basic_string.h:6609:3:std::string std::__cxx11::to_string(int)	40	static
/Users/flavio/STM32CubeIDE/workspace_1.11.2/Trackle_nucleo_boilerplate/trackle-library/include/coap_channel.h:155:16:void trackle::protocol::CoAPMessage::notify_delivered(trackle::protocol::CoAPMessage::Delivery) const	16	static
/Users/flavio/STM32CubeIDE/workspace_1.11.2/Trackle_nucleo_boilerplate/trackle-library/include/coap_channel.h:171:4:trackle::protocol::CoAPMessage::CoAPMessage(trackle::protocol::message_id_t)	16	static
/Users/flavio/STM32CubeIDE/workspace_1.11.2/Trackle_nucleo_boilerplate/trackle-library/include/coap_channel.h:181:24:static trackle::protocol::CoAPMessage* trackle::protocol::CoAPMessage::create(trackle::protocol::Message&, size_t)	40	static
/Users/flavio/STM32CubeIDE/workspace_1.11.2/Trackle_nucleo_boilerplate/trackle-library/include/coap_channel.h:194:4:trackle::protocol::CoAPMessage::~CoAPMessage()	16	static
/Users/flavio/STM32CubeIDE/workspace_1.11.2/Trackle_nucleo_boilerplate/trackle-library/include/coap_channel.h:201:24:trackle::protocol::CoAPMessage* trackle::protocol::CoAPMessage::get_next() const	16	static
/Users/flavio/STM32CubeIDE/workspace_1.11.2/Trackle_nucleo_boilerplate/trackle-library/include/coap_channel.h:202:16:void trackle::protocol::CoAPMessage::set_next(trackle::protocol::CoAPMessage*)	16	static
/Users/flavio/STM32CubeIDE/workspace_1.11.2/Trackle_nucleo_boilerplate/trackle-library/include/coap_channel.h:203:16:bool trackle::protocol::CoAPMessage::matches(trackle::protocol::message_id_t) const	16	static
/Users/flavio/STM32CubeIDE/workspace_1.11.2/Trackle_nucleo_boilerplate/trackle-library/include/coap_channel.h:204:24:trackle::protocol::message_id_t trackle::protocol::CoAPMessage::get_id() const	16	static
/Users/flavio/STM32CubeIDE/workspace_1.11.2/Trackle_nucleo_boilerplate/trackle-library/include/coap_channel.h:205:16:void trackle::protocol::CoAPMessage::removed()	16	static
/Users/flavio/STM32CubeIDE/workspace_1.11.2/Trackle_nucleo_boilerplate/trackle-library/include/coap_channel.h:206:25:system_tick_t trackle::protocol::CoAPMessage::get_timeout() const	16	static
/Users/flavio/STM32CubeIDE/workspace_1.11.2/Trackle_nucleo_boilerplate/trackle-library/include/coap_channel.h:210:16:void trackle::protocol::CoAPMessage::notify_timeout() const	16	static
/Users/flavio/STM32CubeIDE/workspace_1.11.2/Trackle_nucleo_boilerplate/trackle-library/include/coap_channel.h:220:16:void trackle::protocol::CoAPMessage::notify_delivered_nak() const	16	static
/Users/flavio/STM32CubeIDE/workspace_1.11.2/Trackle_nucleo_boilerplate/trackle-library/include/coap_channel.h:229:9:bool trackle::protocol::CoAPMessage::prepare_retransmit(system_tick_t)	24	static
/Users/flavio/STM32CubeIDE/workspace_1.11.2/Trackle_nucleo_boilerplate/trackle-library/include/coap_channel.h:245:9:bool trackle::protocol::CoAPMessage::set_send_time(system_tick_t)	16	static
/Users/flavio/STM32CubeIDE/workspace_1.11.2/Trackle_nucleo_boilerplate/trackle-library/include/coap_channel.h:254:18:system_tick_t trackle::protocol::CoAPMessage::get_send_time()	16	static
/Users/flavio/STM32CubeIDE/workspace_1.11.2/Trackle_nucleo_boilerplate/trackle-library/include/coap_channel.h:263:32:static system_tick_t trackle::protocol::CoAPMessage::transmit_timeout(uint8_t)	24	static
/Users/flavio/STM32CubeIDE/workspace_1.11.2/Trackle_nucleo_boilerplate/trackle-library/include/coap_channel.h:270:26:trackle::protocol::CoAPType::Enum trackle::protocol::CoAPMessage::get_type() const	16	static
/Users/flavio/STM32CubeIDE/workspace_1.11.2/Trackle_nucleo_boilerplate/trackle-library/include/coap_channel.h:275:18:trackle::protocol::ProtocolError trackle::protocol::CoAPMessage::set_data(const uint8_t*, size_t)	24	static
/Users/flavio/STM32CubeIDE/workspace_1.11.2/Trackle_nucleo_boilerplate/trackle-library/include/coap_channel.h:284:19:const uint8_t* trackle::protocol::CoAPMessage::get_data() const	16	static
/Users/flavio/STM32CubeIDE/workspace_1.11.2/Trackle_nucleo_boilerplate/trackle-library/include/coap_channel.h:285:13:uint16_t trackle::protocol::CoAPMessage::get_data_length() const	16	static
/Users/flavio/STM32CubeIDE/workspace_1.11.2/Trackle_nucleo_boilerplate/trackle-library/include/coap_channel.h:290:9:void trackle::protocol::CoAPMessage::set_expiration(system_tick_t)	16	static
/Users/flavio/STM32CubeIDE/workspace_1.11.2/Trackle_nucleo_boilerplate/trackle-library/include/coap_channel.h:296:9:bool trackle::protocol::CoAPMessage::is_request() const	16	static
/Users/flavio/STM32CubeIDE/workspace_1.11.2/Trackle_nucleo_boilerplate/trackle-library/include/coap_channel.h:309:15:bool trackle::protocol::time_has_passed(system_tick_t, system_tick_t)	16	static
/Users/flavio/STM32CubeIDE/workspace_1.11.2/Trackle_nucleo_boilerplate/trackle-library/include/coap_channel.h:327:4:static const char* trackle::protocol::CoAPMessageStore::_LogCategory::name()	4	static
/Users/flavio/STM32CubeIDE/workspace_1.11.2/Trackle_nucleo_boilerplate/trackle-library/include/coap_channel.h:338:17:trackle::protocol::CoAPMessage* trackle::protocol::CoAPMessageStore::for_id(trackle::protocol::message_id_t, trackle::protocol::CoAPMessage*&) const	32	static
/Users/flavio/STM32CubeIDE/workspace_1.11.2/Trackle_nucleo_boilerplate/trackle-library/include/coap_channel.h:355:9:void trackle::protocol::CoAPMessageStore::remove(trackle::protocol::CoAPMessage*, trackle::protocol::CoAPMessage*)	24	static
/Users/flavio/STM32CubeIDE/workspace_1.11.2/Trackle_nucleo_boilerplate/trackle-library/include/coap_channel.h:386:17:trackle::protocol::CoAPMessage* trackle::protocol::CoAPMessageStore::from_id(trackle::protocol::message_id_t) const	24	static
/Users/flavio/STM32CubeIDE/workspace_1.11.2/Trackle_nucleo_boilerplate/trackle-library/include/coap_channel.h:401:18:trackle::protocol::ProtocolError trackle::protocol::CoAPMessageStore::add(trackle::protocol::CoAPMessage&)	16	static
/Users/flavio/STM32CubeIDE/workspace_1.11.2/Trackle_nucleo_boilerplate/trackle-library/include/coap_channel.h:420:17:trackle::protocol::CoAPMessage* trackle::protocol::CoAPMessageStore::remove(trackle::protocol::message_id_t)	24	static
/Users/flavio/STM32CubeIDE/workspace_1.11.2/Trackle_nucleo_boilerplate/trackle-library/include/coap_channel.h:431:9:bool trackle::protocol::CoAPMessageStore::is_confirmable(const uint8_t*) const	16	static
/Users/flavio/STM32CubeIDE/workspace_1.11.2/Trackle_nucleo_boilerplate/trackle-library/include/coap_channel.h:462:9:bool trackle::protocol::CoAPMessageStore::clear_message(trackle::protocol::message_id_t)	32	static
../trackle-library/src/coap_channel.cpp:15:8:bool trackle::protocol::is_ack_or_reset(const uint8_t*, size_t)	24	static
../trackle-library/src/coap_channel.cpp:23:17:trackle::protocol::ProtocolError trackle::protocol::CoAPMessageStore::send_message(trackle::protocol::CoAPMessage*, trackle::protocol::Channel&)	56	static
../trackle-library/src/coap_channel.cpp:33:8:bool trackle::protocol::CoAPMessageStore::retransmit(trackle::protocol::CoAPMessage*, trackle::protocol::Channel&, system_tick_t)	32	static
../trackle-library/src/coap_channel.cpp:43:8:void trackle::protocol::CoAPMessageStore::message_timeout(trackle::protocol::CoAPMessage&, trackle::protocol::Channel&)	304	static
../trackle-library/src/coap_channel.cpp:58:8:void trackle::protocol::CoAPMessageStore::process(system_tick_t, trackle::protocol::Channel&)	40	static
../trackle-library/src/coap_channel.cpp:83:17:trackle::protocol::ProtocolError trackle::protocol::CoAPMessageStore::send(trackle::protocol::Message&, system_tick_t)	80	static
../trackle-library/src/coap_channel.cpp:115:17:trackle::protocol::ProtocolError trackle::protocol::CoAPMessageStore::receive(trackle::protocol::Message&, trackle::protocol::Channel&, system_tick_t)	96	static
../trackle-library/src/coap_channel.cpp:174:8:bool trackle::protocol::CoAPMessageStore::has_unacknowledged_requests() const	24	static
/Applications/STM32CubeIDE.app/Contents/Eclipse/plugins/com.st.stm32cube.ide.mcu.externaltools.gnu-tools-for-stm32.10.3-2021.10.macos64_1.0.100.202210260954/tools/arm-none-eabi/include/c++/10.3.1/bits/charconv.h:47:5:constexpr unsigned int std::__detail::__to_chars_len(_Tp, int) [with _Tp = unsigned int]	32	static
/Applications/STM32CubeIDE.app/Contents/Eclipse/plugins/com.st.stm32cube.ide.mcu.externaltools.gnu-tools-for-stm32.10.3-2021.10.macos64_1.0.100.202210260954/tools/arm-none-eabi/include/c++/10.3.1/bits/charconv.h:72:5:void std::__detail::__to_chars_10_impl(char*, unsigned int, _Tp) [with _Tp = unsigned int]	40	static
/Applications/STM32CubeIDE.app/Contents/Eclipse/plugins/com.st.stm32cube.ide.mcu.externaltools.gnu-tools-for-stm32.10.3-2021.10.macos64_1.0.100.202210260954/tools/arm-none-eabi/include/c++/10.3.1/bits/basic_string.h:6121:5:std::__cxx11::basic_string<_CharT, _Traits, _Alloc> std::operator+(std::__cxx11::basic_string<_CharT, _Traits, _Alloc>&&, std::__cxx11::basic_string<_CharT, _Traits, _Alloc>&&) [with _CharT = char; _Traits = std::char_traits<char>; _Alloc = std::allocator<char>]	56	static
/Applications/STM32CubeIDE.app/Contents/Eclipse/plugins/com.st.stm32cube.ide.mcu.externaltools.gnu-tools-for-stm32.10.3-2021.10.macos64_1.0.100.202210260954/tools/arm-none-eabi/include/c++/10.3.1/bits/std_function.h:617:5:) const [with _Res = void; _ArgTypes = {trackle::protocol::CoAPMessage::Delivery}]	24	static
/Applications/STM32CubeIDE.app/Contents/Eclipse/plugins/com.st.stm32cube.ide.mcu.externaltools.gnu-tools-for-stm32.10.3-2021.10.macos64_1.0.100.202210260954/tools/arm-none-eabi/include/c++/10.3.1/bits/allocator.h:212:7:bool std::operator==(const std::allocator<char>&, const std::allocator<char>&)	16	static
/Applications/STM32CubeIDE.app/Contents/Eclipse/plugins/com.st.stm32cube.ide.mcu.externaltools.gnu-tools-for-stm32.10.3-2021.10.macos64_1.0.100.202210260954/tools/arm-none-eabi/include/c++/10.3.1/bits/move.h:101:5:constexpr typename std::remove_reference<_Tp>::type&& std::move(_Tp&&) [with _Tp = std::__cxx11::basic_string<char>&]	16	static
/Applications/STM32CubeIDE.app/Contents/Eclipse/plugins/com.st.stm32cube.ide.mcu.externaltools.gnu-tools-for-stm32.10.3-2021.10.macos64_1.0.100.202210260954/tools/arm-none-eabi/include/c++/10.3.1/bits/move.h:76:5:constexpr _Tp&& std::forward(typename std::remove_reference<_Tp>::type&) [with _Tp = trackle::protocol::CoAPMessage::Delivery]	16	static
../trackle-library/src/coap_channel.cpp:187:1:void __static_initialization_and_destruction_0(int, int)	16	static
../trackle-library/src/coap_channel.cpp:187:1:cpp)	8	static
../trackle-library/src/coap_channel.cpp:187:1:cpp)	8	static
