/Applications/STM32CubeIDE.app/Contents/Eclipse/plugins/com.st.stm32cube.ide.mcu.externaltools.gnu-tools-for-stm32.10.3-2021.10.macos64_1.0.100.202210260954/tools/arm-none-eabi/include/c++/10.3.1/type_traits:62:17:constexpr std::integral_constant<_Tp, __v>::operator std::integral_constant<_Tp, __v>::value_type() const [with _Tp = bool; _Tp __v = true]	16	static
/Users/flavio/STM32CubeIDE/workspace_1.11.2/Trackle_nucleo_boilerplate/trackle-library/include/message_channel.h:66:4:trackle::protocol::Message::Message()	16	static
/Users/flavio/STM32CubeIDE/workspace_1.11.2/Trackle_nucleo_boilerplate/trackle-library/include/message_channel.h:68:4:trackle::protocol::Message::Message(uint8_t*, size_t, size_t)	24	static
/Users/flavio/STM32CubeIDE/workspace_1.11.2/Trackle_nucleo_boilerplate/trackle-library/include/message_channel.h:73:13:uint8_t* trackle::protocol::Message::buf() const	16	static
/Users/flavio/STM32CubeIDE/workspace_1.11.2/Trackle_nucleo_boilerplate/trackle-library/include/message_channel.h:76:9:void trackle::protocol::Message::set_length(size_t)	16	static
/Applications/STM32CubeIDE.app/Contents/Eclipse/plugins/com.st.stm32cube.ide.mcu.externaltools.gnu-tools-for-stm32.10.3-2021.10.macos64_1.0.100.202210260954/tools/arm-none-eabi/include/c++/10.3.1/arm-none-eabi/thumb/v7-m/nofp/bits/gthr-default.h:229:1:int __gthread_key_delete(__gthread_key_t)	16	static
/Applications/STM32CubeIDE.app/Contents/Eclipse/plugins/com.st.stm32cube.ide.mcu.externaltools.gnu-tools-for-stm32.10.3-2021.10.macos64_1.0.100.202210260954/tools/arm-none-eabi/include/c++/10.3.1/bits/basic_string.h:6609:3:std::string std::__cxx11::to_string(int)	40	static
/Users/flavio/STM32CubeIDE/workspace_1.11.2/Trackle_nucleo_boilerplate/trackle-library/include/ping.h:42:9:void trackle::protocol::Pinger::init(system_tick_t, system_tick_t)	24	static
/Users/flavio/STM32CubeIDE/workspace_1.11.2/Trackle_nucleo_boilerplate/trackle-library/include/completion_handler.h:64:9:trackle::CompletionHandler::~CompletionHandler()	16	static
/Users/flavio/STM32CubeIDE/workspace_1.11.2/Trackle_nucleo_boilerplate/trackle-library/include/completion_handler.h:82:14:void trackle::CompletionHandler::setError(int, const char*)	32	static
/Users/flavio/STM32CubeIDE/workspace_1.11.2/Trackle_nucleo_boilerplate/trackle-library/include/protocol.h:195:9:void trackle::protocol::Protocol::set_protocol_flags(int)	16	static
/Users/flavio/STM32CubeIDE/workspace_1.11.2/Trackle_nucleo_boilerplate/trackle-library/include/protocol.h:226:18:trackle::protocol::ProtocolError trackle::protocol::Protocol::ping(bool)	80	static
/Users/flavio/STM32CubeIDE/workspace_1.11.2/Trackle_nucleo_boilerplate/trackle-library/include/protocol.h:350:9:void trackle::protocol::Protocol::initialize_ping(system_tick_t, system_tick_t)	24	static
/Users/flavio/STM32CubeIDE/workspace_1.11.2/Trackle_nucleo_boilerplate/trackle-library/include/protocol.h:504:16:void trackle::protocol::Protocol::get_product_details(product_details_t&)	16	static
/Users/flavio/STM32CubeIDE/workspace_1.11.2/Trackle_nucleo_boilerplate/trackle-library/include/protocol.h:549:18:system_tick_t trackle::protocol::Protocol::millis()	16	static
/Users/flavio/STM32CubeIDE/workspace_1.11.2/Trackle_nucleo_boilerplate/trackle-library/include/dtls_message_channel.h:139:9:void trackle::protocol::DTLSMessageChannel::set_handshake_timeout(uint32_t)	16	static
/Users/flavio/STM32CubeIDE/workspace_1.11.2/Trackle_nucleo_boilerplate/trackle-library/include/coap_channel.h:374:9:bool trackle::protocol::CoAPMessageStore::has_messages() const	16	static
/Users/flavio/STM32CubeIDE/workspace_1.11.2/Trackle_nucleo_boilerplate/trackle-library/include/dtls_protocol.h:45:16:static void trackle::protocol::DTLSProtocol::handle_seed(const uint8_t*, size_t)	16	static
/Users/flavio/STM32CubeIDE/workspace_1.11.2/Trackle_nucleo_boilerplate/trackle-library/include/dtls_protocol.h:62:11:virtual size_t trackle::protocol::DTLSProtocol::build_hello(trackle::protocol::Message&, uint8_t)	72	static
/Users/flavio/STM32CubeIDE/workspace_1.11.2/Trackle_nucleo_boilerplate/trackle-library/include/dtls_protocol.h:97:33:trackle::protocol::DTLSProtocol::command(ProtocolCommands::Enum, uint32_t)::<lambda()>	16	static
/Users/flavio/STM32CubeIDE/workspace_1.11.2/Trackle_nucleo_boilerplate/trackle-library/include/dtls_protocol.h:74:16:virtual int trackle::protocol::DTLSProtocol::command(ProtocolCommands::Enum, uint32_t)	312	static
/Users/flavio/STM32CubeIDE/workspace_1.11.2/Trackle_nucleo_boilerplate/trackle-library/include/dtls_protocol.h:105:8:virtual int trackle::protocol::DTLSProtocol::get_status(protocol_status*) const	16	static
/Users/flavio/STM32CubeIDE/workspace_1.11.2/Trackle_nucleo_boilerplate/trackle-library/include/dtls_protocol.h:120:9:void trackle::protocol::DTLSProtocol::wake()	16	static
../trackle-library/src/dtls_protocol.cpp:8:8:virtual void trackle::protocol::DTLSProtocol::init(const char*, const TrackleKeys&, const TrackleCallbacks&, const TrackleDescriptor&, const trackle::protocol::Connection_Properties_Type&)	608	static
../trackle-library/src/dtls_protocol.cpp:54:7:int trackle::protocol::DTLSProtocol::wait_confirmable(uint32_t)	1016	static
/Applications/STM32CubeIDE.app/Contents/Eclipse/plugins/com.st.stm32cube.ide.mcu.externaltools.gnu-tools-for-stm32.10.3-2021.10.macos64_1.0.100.202210260954/tools/arm-none-eabi/include/c++/10.3.1/bits/charconv.h:47:5:constexpr unsigned int std::__detail::__to_chars_len(_Tp, int) [with _Tp = unsigned int]	32	static
/Applications/STM32CubeIDE.app/Contents/Eclipse/plugins/com.st.stm32cube.ide.mcu.externaltools.gnu-tools-for-stm32.10.3-2021.10.macos64_1.0.100.202210260954/tools/arm-none-eabi/include/c++/10.3.1/bits/charconv.h:72:5:void std::__detail::__to_chars_10_impl(char*, unsigned int, _Tp) [with _Tp = unsigned int]	40	static
/Applications/STM32CubeIDE.app/Contents/Eclipse/plugins/com.st.stm32cube.ide.mcu.externaltools.gnu-tools-for-stm32.10.3-2021.10.macos64_1.0.100.202210260954/tools/arm-none-eabi/include/c++/10.3.1/bits/basic_string.h:6121:5:std::__cxx11::basic_string<_CharT, _Traits, _Alloc> std::operator+(std::__cxx11::basic_string<_CharT, _Traits, _Alloc>&&, std::__cxx11::basic_string<_CharT, _Traits, _Alloc>&&) [with _CharT = char; _Traits = std::char_traits<char>; _Alloc = std::allocator<char>]	56	static
/Users/flavio/STM32CubeIDE/workspace_1.11.2/Trackle_nucleo_boilerplate/trackle-library/include/logging.h:291:24:static const char* _LogCategoryWrapper<T>::name() [with T = _LogGlobalCategory]	4	static
/Users/flavio/STM32CubeIDE/workspace_1.11.2/Trackle_nucleo_boilerplate/trackle-library/include/completion_handler.h:438:16:trackle::CompletionHandlerMap<short unsigned int>::Handler::~Handler()	16	static
/Users/flavio/STM32CubeIDE/workspace_1.11.2/Trackle_nucleo_boilerplate/trackle-library/include/completion_handler.h:355:14:void trackle::CompletionHandlerMap<KeyT>::clear() [with KeyT = short unsigned int]	32	static
/Users/flavio/STM32CubeIDE/workspace_1.11.2/Trackle_nucleo_boilerplate/trackle-library/include/ping.h:77:18:trackle::protocol::ProtocolError trackle::protocol::Pinger::process(system_tick_t, Callback) [with Callback = trackle::protocol::DTLSProtocol::command(ProtocolCommands::Enum, uint32_t)::<lambda()>]	24	static
/Users/flavio/STM32CubeIDE/workspace_1.11.2/Trackle_nucleo_boilerplate/trackle-library/include/coap_channel.h:630:9:bool trackle::protocol::CoAPReliableChannel<T, M>::has_unacknowledged_client_requests() const [with T = trackle::protocol::DTLSMessageChannel; M = long unsigned int (*)()]	16	static
/Users/flavio/STM32CubeIDE/workspace_1.11.2/Trackle_nucleo_boilerplate/trackle-library/include/coap_channel.h:552:9:void trackle::protocol::CoAPReliableChannel<T, M>::set_millis(M) [with T = trackle::protocol::DTLSMessageChannel; M = long unsigned int (*)()]	16	static
/Users/flavio/STM32CubeIDE/workspace_1.11.2/Trackle_nucleo_boilerplate/trackle-library/include/coap_channel.h:557:9:void trackle::protocol::CoAPReliableChannel<T, M>::set_ack_timeout(uint32_t) [with T = trackle::protocol::DTLSMessageChannel; M = long unsigned int (*)()]	16	static
/Users/flavio/STM32CubeIDE/workspace_1.11.2/Trackle_nucleo_boilerplate/trackle-library/include/coap_channel.h:64:18:trackle::protocol::message_id_t& trackle::protocol::CoAPChannel<T>::next_id_ref() [with T = trackle::protocol::CoAPReliableChannel<trackle::protocol::DTLSMessageChannel, long unsigned int (*)()>]	16	static
/Users/flavio/STM32CubeIDE/workspace_1.11.2/Trackle_nucleo_boilerplate/trackle-library/include/coap_channel.h:625:9:bool trackle::protocol::CoAPReliableChannel<T, M>::has_unacknowledged_requests() const [with T = trackle::protocol::DTLSMessageChannel; M = long unsigned int (*)()]	16	static
/Users/flavio/STM32CubeIDE/workspace_1.11.2/Trackle_nucleo_boilerplate/trackle-library/include/coap_channel.h:563:28:const trackle::protocol::CoAPMessageStore& trackle::protocol::CoAPReliableChannel<T, M>::client_messages() const [with T = trackle::protocol::DTLSMessageChannel; M = long unsigned int (*)()]	16	static
/Users/flavio/STM32CubeIDE/workspace_1.11.2/Trackle_nucleo_boilerplate/trackle-library/include/coap_channel.h:568:28:const trackle::protocol::CoAPMessageStore& trackle::protocol::CoAPReliableChannel<T, M>::server_messages() const [with T = trackle::protocol::DTLSMessageChannel; M = long unsigned int (*)()]	16	static
/Applications/STM32CubeIDE.app/Contents/Eclipse/plugins/com.st.stm32cube.ide.mcu.externaltools.gnu-tools-for-stm32.10.3-2021.10.macos64_1.0.100.202210260954/tools/arm-none-eabi/include/c++/10.3.1/bits/allocator.h:212:7:bool std::operator==(const std::allocator<char>&, const std::allocator<char>&)	16	static
/Applications/STM32CubeIDE.app/Contents/Eclipse/plugins/com.st.stm32cube.ide.mcu.externaltools.gnu-tools-for-stm32.10.3-2021.10.macos64_1.0.100.202210260954/tools/arm-none-eabi/include/c++/10.3.1/bits/move.h:101:5:constexpr typename std::remove_reference<_Tp>::type&& std::move(_Tp&&) [with _Tp = std::__cxx11::basic_string<char>&]	16	static
/Users/flavio/STM32CubeIDE/workspace_1.11.2/Trackle_nucleo_boilerplate/trackle-library/include/trackle_wiring_vector.h:270:21:static void trackle::Vector<T, AllocatorT>::destruct(T*, const T*) [with T = trackle::CompletionHandlerMap<short unsigned int>::Handler; AllocatorT = trackle::DefaultAllocator]	16	static
/Users/flavio/STM32CubeIDE/workspace_1.11.2/Trackle_nucleo_boilerplate/trackle-library/include/trackle_wiring_vector.h:717:11:T* trackle::Vector<T, AllocatorT>::begin() [with T = trackle::CompletionHandlerMap<short unsigned int>::Handler; AllocatorT = trackle::DefaultAllocator]	16	static
/Users/flavio/STM32CubeIDE/workspace_1.11.2/Trackle_nucleo_boilerplate/trackle-library/include/trackle_wiring_vector.h:729:4:T* trackle::Vector<T, AllocatorT>::end() [with T = trackle::CompletionHandlerMap<short unsigned int>::Handler; AllocatorT = trackle::DefaultAllocator]	16	static
/Users/flavio/STM32CubeIDE/workspace_1.11.2/Trackle_nucleo_boilerplate/trackle-library/include/trackle_wiring_vector.h:698:13:void trackle::Vector<T, AllocatorT>::clear() [with T = trackle::CompletionHandlerMap<short unsigned int>::Handler; AllocatorT = trackle::DefaultAllocator]	16	static
../trackle-library/src/dtls_protocol.cpp:86:1:void __static_initialization_and_destruction_0(int, int)	16	static
../trackle-library/src/dtls_protocol.cpp:86:1:cpp)	8	static
../trackle-library/src/dtls_protocol.cpp:86:1:cpp)	8	static
