/Applications/STM32CubeIDE.app/Contents/Eclipse/plugins/com.st.stm32cube.ide.mcu.externaltools.gnu-tools-for-stm32.10.3-2021.10.macos64_1.0.100.202210260954/tools/arm-none-eabi/include/c++/10.3.1/arm-none-eabi/thumb/v7-m/nofp/bits/gthr-default.h:229:1:int __gthread_key_delete(__gthread_key_t)	16	static
/Applications/STM32CubeIDE.app/Contents/Eclipse/plugins/com.st.stm32cube.ide.mcu.externaltools.gnu-tools-for-stm32.10.3-2021.10.macos64_1.0.100.202210260954/tools/arm-none-eabi/include/c++/10.3.1/bits/basic_string.h:6609:3:std::string std::__cxx11::to_string(int)	40	static
/Applications/STM32CubeIDE.app/Contents/Eclipse/plugins/com.st.stm32cube.ide.mcu.externaltools.gnu-tools-for-stm32.10.3-2021.10.macos64_1.0.100.202210260954/tools/arm-none-eabi/include/c++/10.3.1/type_traits:62:17:constexpr std::integral_constant<_Tp, __v>::operator std::integral_constant<_Tp, __v>::value_type() const [with _Tp = bool; _Tp __v = true]	16	static
/Users/flavio/STM32CubeIDE/workspace_1.11.2/Trackle_nucleo_boilerplate/trackle-library/include/message_channel.h:45:11:size_t trackle::protocol::Message::trim_capacity()	24	static
/Users/flavio/STM32CubeIDE/workspace_1.11.2/Trackle_nucleo_boilerplate/trackle-library/include/message_channel.h:52:11:size_t trackle::protocol::Message::buffer_available() const	16	static
/Users/flavio/STM32CubeIDE/workspace_1.11.2/Trackle_nucleo_boilerplate/trackle-library/include/message_channel.h:54:9:bool trackle::protocol::Message::splinter(trackle::protocol::Message&, size_t, size_t)	40	static
/Users/flavio/STM32CubeIDE/workspace_1.11.2/Trackle_nucleo_boilerplate/trackle-library/include/message_channel.h:66:4:trackle::protocol::Message::Message()	16	static
/Users/flavio/STM32CubeIDE/workspace_1.11.2/Trackle_nucleo_boilerplate/trackle-library/include/message_channel.h:68:4:trackle::protocol::Message::Message(uint8_t*, size_t, size_t)	24	static
/Users/flavio/STM32CubeIDE/workspace_1.11.2/Trackle_nucleo_boilerplate/trackle-library/include/message_channel.h:70:9:void trackle::protocol::Message::clear()	16	static
/Users/flavio/STM32CubeIDE/workspace_1.11.2/Trackle_nucleo_boilerplate/trackle-library/include/message_channel.h:72:11:size_t trackle::protocol::Message::capacity() const	16	static
/Users/flavio/STM32CubeIDE/workspace_1.11.2/Trackle_nucleo_boilerplate/trackle-library/include/message_channel.h:73:13:uint8_t* trackle::protocol::Message::buf() const	16	static
/Users/flavio/STM32CubeIDE/workspace_1.11.2/Trackle_nucleo_boilerplate/trackle-library/include/message_channel.h:74:11:size_t trackle::protocol::Message::length() const	16	static
/Users/flavio/STM32CubeIDE/workspace_1.11.2/Trackle_nucleo_boilerplate/trackle-library/include/message_channel.h:76:9:void trackle::protocol::Message::set_length(size_t)	16	static
/Users/flavio/STM32CubeIDE/workspace_1.11.2/Trackle_nucleo_boilerplate/trackle-library/include/message_channel.h:81:9:void trackle::protocol::Message::set_buffer(uint8_t*, size_t)	24	static
/Users/flavio/STM32CubeIDE/workspace_1.11.2/Trackle_nucleo_boilerplate/trackle-library/include/message_channel.h:96:9:bool trackle::protocol::Message::send_direct()	16	static
/Users/flavio/STM32CubeIDE/workspace_1.11.2/Trackle_nucleo_boilerplate/trackle-library/include/message_channel.h:219:12:trackle::protocol::MessageChannel::~MessageChannel()	16	static
/Users/flavio/STM32CubeIDE/workspace_1.11.2/Trackle_nucleo_boilerplate/trackle-library/include/message_channel.h:219:12:virtual trackle::protocol::MessageChannel::~MessageChannel()	16	static
/Users/flavio/STM32CubeIDE/workspace_1.11.2/Trackle_nucleo_boilerplate/trackle-library/lib/tinydtls/dtls.h:276:20:void dtls_set_handler(dtls_context_t*, dtls_handler_t*)	16	static
/Users/flavio/STM32CubeIDE/workspace_1.11.2/Trackle_nucleo_boilerplate/trackle-library/include/message_channel.h:256:9:trackle::protocol::AbstractMessageChannel::~AbstractMessageChannel()	16	static
/Users/flavio/STM32CubeIDE/workspace_1.11.2/Trackle_nucleo_boilerplate/trackle-library/include/message_channel.h:256:9:virtual trackle::protocol::AbstractMessageChannel::~AbstractMessageChannel()	16	static
/Users/flavio/STM32CubeIDE/workspace_1.11.2/Trackle_nucleo_boilerplate/trackle-library/include/buffer_message_channel.h:35:9:trackle::protocol::BufferMessageChannel<1200>::~BufferMessageChannel()	16	static
/Users/flavio/STM32CubeIDE/workspace_1.11.2/Trackle_nucleo_boilerplate/trackle-library/include/buffer_message_channel.h:35:9:virtual trackle::protocol::BufferMessageChannel<1200>::~BufferMessageChannel()	16	static
/Users/flavio/STM32CubeIDE/workspace_1.11.2/Trackle_nucleo_boilerplate/trackle-library/include/dtls_message_channel.h:164:17:virtual void trackle::protocol::DTLSMessageChannel::notify_client_messages_processed()	16	static
../trackle-library/src/dtls_message_channel.cpp:22:6:void extract_pub_priv_keys(const uint8_t*)	40	static
../trackle-library/src/dtls_message_channel.cpp:44:1:int dtls_event(dtls_context_t*, session_t*, dtls_alert_level_t, short unsigned int)	312	static
../trackle-library/src/dtls_message_channel.cpp:52:1:int get_server_certificate(dtls_context_t*, const session_t*, const dtls_server_certificate_t**)	24	static
../trackle-library/src/dtls_message_channel.cpp:69:1:int get_ecdsa_key(dtls_context_t*, const session_t*, const dtls_ecdsa_key_t**)	24	static
../trackle-library/src/dtls_message_channel.cpp:88:1:int verify_ecdsa_key(dtls_context_t*, const session_t*, const unsigned char*, const unsigned char*, size_t)	24	static
../trackle-library/src/dtls_message_channel.cpp:102:12:int read_from_peer(dtls_context_t*, session_t*, uint8*, size_t)	32	static
../trackle-library/src/dtls_message_channel.cpp:115:12:int send_to_peer(dtls_context_t*, session_t*, uint8*, size_t)	32	static
../trackle-library/src/dtls_message_channel.cpp:137:17:trackle::protocol::ProtocolError trackle::protocol::DTLSMessageChannel::init(const uint8_t*, size_t, const uint8_t*, size_t, const uint8_t*, trackle::protocol::DTLSMessageChannel::Callbacks&, trackle::protocol::message_id_t*)	304	static
../trackle-library/src/dtls_message_channel.cpp:194:14:int trackle::protocol::DTLSMessageChannel::send(const uint8_t*, size_t)	336	dynamic
../trackle-library/src/dtls_message_channel.cpp:216:8:void trackle::protocol::DTLSMessageChannel::reset_session()	304	static
../trackle-library/src/dtls_message_channel.cpp:238:7:static int trackle::protocol::DTLSMessageChannel::sendCallback(const unsigned char*, size_t, void*)	32	static
../trackle-library/src/dtls_message_channel.cpp:244:8:void trackle::protocol::DTLSMessageChannel::init()	16	static
../trackle-library/src/dtls_message_channel.cpp:248:8:void trackle::protocol::DTLSMessageChannel::dispose()	16	static
../trackle-library/src/dtls_message_channel.cpp:264:8:void trackle::protocol::dtls_timing_set_delay(void*, uint32_t, uint32_t)	32	static
../trackle-library/src/dtls_message_channel.cpp:277:7:int trackle::protocol::dtls_timing_get_delay(void*)	24	static
../trackle-library/src/dtls_message_channel.cpp:303:17:trackle::protocol::ProtocolError trackle::protocol::DTLSMessageChannel::setup_context()	16	static
../trackle-library/src/dtls_message_channel.cpp:308:17:virtual trackle::protocol::ProtocolError trackle::protocol::DTLSMessageChannel::establish(uint32_t&, uint32_t)	1968	static
../trackle-library/src/dtls_message_channel.cpp:423:17:virtual trackle::protocol::ProtocolError trackle::protocol::DTLSMessageChannel::notify_established()	16	static
../trackle-library/src/dtls_message_channel.cpp:428:17:virtual trackle::protocol::ProtocolError trackle::protocol::DTLSMessageChannel::receive(trackle::protocol::Message&)	808	static
../trackle-library/src/dtls_message_channel.cpp:512:8:void trackle::protocol::DTLSMessageChannel::cancel_move_session()	296	static
../trackle-library/src/dtls_message_channel.cpp:523:17:virtual trackle::protocol::ProtocolError trackle::protocol::DTLSMessageChannel::send(trackle::protocol::Message&)	40	static
../trackle-library/src/dtls_message_channel.cpp:548:8:virtual bool trackle::protocol::DTLSMessageChannel::is_unreliable()	16	static
../trackle-library/src/dtls_message_channel.cpp:553:17:virtual trackle::protocol::ProtocolError trackle::protocol::DTLSMessageChannel::command(trackle::protocol::Channel::Command, void*)	24	static
/Applications/STM32CubeIDE.app/Contents/Eclipse/plugins/com.st.stm32cube.ide.mcu.externaltools.gnu-tools-for-stm32.10.3-2021.10.macos64_1.0.100.202210260954/tools/arm-none-eabi/include/c++/10.3.1/bits/charconv.h:47:5:constexpr unsigned int std::__detail::__to_chars_len(_Tp, int) [with _Tp = unsigned int]	32	static
/Applications/STM32CubeIDE.app/Contents/Eclipse/plugins/com.st.stm32cube.ide.mcu.externaltools.gnu-tools-for-stm32.10.3-2021.10.macos64_1.0.100.202210260954/tools/arm-none-eabi/include/c++/10.3.1/bits/charconv.h:72:5:void std::__detail::__to_chars_10_impl(char*, unsigned int, _Tp) [with _Tp = unsigned int]	40	static
/Applications/STM32CubeIDE.app/Contents/Eclipse/plugins/com.st.stm32cube.ide.mcu.externaltools.gnu-tools-for-stm32.10.3-2021.10.macos64_1.0.100.202210260954/tools/arm-none-eabi/include/c++/10.3.1/bits/basic_string.h:6121:5:std::__cxx11::basic_string<_CharT, _Traits, _Alloc> std::operator+(std::__cxx11::basic_string<_CharT, _Traits, _Alloc>&&, std::__cxx11::basic_string<_CharT, _Traits, _Alloc>&&) [with _CharT = char; _Traits = std::char_traits<char>; _Alloc = std::allocator<char>]	56	static
/Users/flavio/STM32CubeIDE/workspace_1.11.2/Trackle_nucleo_boilerplate/trackle-library/include/buffer_message_channel.h:41:26:trackle::protocol::ProtocolError trackle::protocol::BufferMessageChannel<max, prefix, suffix>::create(trackle::protocol::Message&, size_t) [with unsigned int max = 1200; unsigned int prefix = 0; unsigned int suffix = 0]	304	static
/Applications/STM32CubeIDE.app/Contents/Eclipse/plugins/com.st.stm32cube.ide.mcu.externaltools.gnu-tools-for-stm32.10.3-2021.10.macos64_1.0.100.202210260954/tools/arm-none-eabi/include/c++/10.3.1/bits/allocator.h:212:7:bool std::operator==(const std::allocator<char>&, const std::allocator<char>&)	16	static
/Applications/STM32CubeIDE.app/Contents/Eclipse/plugins/com.st.stm32cube.ide.mcu.externaltools.gnu-tools-for-stm32.10.3-2021.10.macos64_1.0.100.202210260954/tools/arm-none-eabi/include/c++/10.3.1/bits/move.h:101:5:constexpr typename std::remove_reference<_Tp>::type&& std::move(_Tp&&) [with _Tp = std::__cxx11::basic_string<char>&]	16	static
/Users/flavio/STM32CubeIDE/workspace_1.11.2/Trackle_nucleo_boilerplate/trackle-library/include/dtls_message_channel.h:62:9:trackle::protocol::DTLSMessageChannel::~DTLSMessageChannel()	16	static
/Users/flavio/STM32CubeIDE/workspace_1.11.2/Trackle_nucleo_boilerplate/trackle-library/include/dtls_message_channel.h:62:9:virtual trackle::protocol::DTLSMessageChannel::~DTLSMessageChannel()	16	static
../trackle-library/src/dtls_message_channel.cpp:580:1:void __static_initialization_and_destruction_0(int, int)	16	static
/Users/flavio/STM32CubeIDE/workspace_1.11.2/Trackle_nucleo_boilerplate/trackle-library/include/buffer_message_channel.h:57:18:trackle::protocol::ProtocolError trackle::protocol::BufferMessageChannel<max, prefix, suffix>::response(trackle::protocol::Message&, trackle::protocol::Message&, size_t) [with unsigned int max = 1200; unsigned int prefix = 0; unsigned int suffix = 0]	24	static
../trackle-library/src/dtls_message_channel.cpp:580:1:cpp)	8	static
../trackle-library/src/dtls_message_channel.cpp:580:1:cpp)	8	static
