/Applications/STM32CubeIDE.app/Contents/Eclipse/plugins/com.st.stm32cube.ide.mcu.externaltools.gnu-tools-for-stm32.10.3-2021.10.macos64_1.0.100.202210260954/tools/arm-none-eabi/include/c++/10.3.1/arm-none-eabi/thumb/v7-m/nofp/bits/gthr-default.h:229:1:int __gthread_key_delete(__gthread_key_t)	16	static
../trackle-library/src/logging.cpp:40:6:void log_set_level(LogLevel)	16	static
../trackle-library/src/logging.cpp:45:6:void log_set_millis_callback(system_tick_t (*)())	16	static
../trackle-library/src/logging.cpp:49:6:void log_set_callbacks(log_message_callback_type, log_write_callback_type, log_enabled_callback_type, void*)	24	static
../trackle-library/src/logging.cpp:57:6:void log_message_v(int, const char*, LogAttributes*, void*, const char*, va_list)	1232	static
../trackle-library/src/logging.cpp:113:6:)	40	static
../trackle-library/src/logging.cpp:121:6:void log_write(int, const char*, const char*, size_t, void*)	48	static
../trackle-library/src/logging.cpp:153:6:void log_printf_v(int, const char*, void*, const char*, va_list)	1232	static
../trackle-library/src/logging.cpp:178:6:)	44	static
../trackle-library/src/logging.cpp:186:6:void log_dump(int, const char*, const void*, size_t, int, void*)	1240	static
../trackle-library/src/logging.cpp:229:5:int log_enabled(int, const char*, void*)	32	static
/Applications/STM32CubeIDE.app/Contents/Eclipse/plugins/com.st.stm32cube.ide.mcu.externaltools.gnu-tools-for-stm32.10.3-2021.10.macos64_1.0.100.202210260954/tools/arm-none-eabi/include/c++/10.3.1/bits/stl_algobase.h:254:5:constexpr const _Tp& std::max(const _Tp&, const _Tp&) [with _Tp = int]	16	static
/Applications/STM32CubeIDE.app/Contents/Eclipse/plugins/com.st.stm32cube.ide.mcu.externaltools.gnu-tools-for-stm32.10.3-2021.10.macos64_1.0.100.202210260954/tools/arm-none-eabi/include/c++/10.3.1/bits/stl_algobase.h:230:5:constexpr const _Tp& std::min(const _Tp&, const _Tp&) [with _Tp = int]	16	static
../trackle-library/src/logging.cpp:243:13:const char* log_level_name(int, void*)	32	static
../trackle-library/src/logging.cpp:255:1:void __static_initialization_and_destruction_0(int, int)	16	static
../trackle-library/src/logging.cpp:255:1:cpp)	8	static
../trackle-library/src/logging.cpp:255:1:cpp)	8	static
