/Applications/STM32CubeIDE.app/Contents/Eclipse/plugins/com.st.stm32cube.ide.mcu.externaltools.gnu-tools-for-stm32.10.3-2021.10.macos64_1.0.100.202210260954/tools/arm-none-eabi/include/c++/10.3.1/new:174:33:void* operator new(std::size_t, void*)	16	static
/Applications/STM32CubeIDE.app/Contents/Eclipse/plugins/com.st.stm32cube.ide.mcu.externaltools.gnu-tools-for-stm32.10.3-2021.10.macos64_1.0.100.202210260954/tools/arm-none-eabi/include/c++/10.3.1/arm-none-eabi/thumb/v7-m/nofp/bits/gthr-default.h:229:1:int __gthread_key_delete(__gthread_key_t)	16	static
/Applications/STM32CubeIDE.app/Contents/Eclipse/plugins/com.st.stm32cube.ide.mcu.externaltools.gnu-tools-for-stm32.10.3-2021.10.macos64_1.0.100.202210260954/tools/arm-none-eabi/include/c++/10.3.1/bits/basic_string.h:6609:3:std::string std::__cxx11::to_string(int)	40	static
/Applications/STM32CubeIDE.app/Contents/Eclipse/plugins/com.st.stm32cube.ide.mcu.externaltools.gnu-tools-for-stm32.10.3-2021.10.macos64_1.0.100.202210260954/tools/arm-none-eabi/include/c++/10.3.1/type_traits:62:17:constexpr std::integral_constant<_Tp, __v>::operator std::integral_constant<_Tp, __v>::value_type() const [with _Tp = bool; _Tp __v = true]	16	static
../trackle-library/src/protocol.cpp:2:1:static const char* _LogCategoryWrapper<_LogGlobalCategory>::name()	4	static
/Applications/STM32CubeIDE.app/Contents/Eclipse/plugins/com.st.stm32cube.ide.mcu.externaltools.gnu-tools-for-stm32.10.3-2021.10.macos64_1.0.100.202210260954/tools/arm-none-eabi/include/c++/10.3.1/bits/std_function.h:87:17:void* std::_Any_data::_M_access()	16	static
/Applications/STM32CubeIDE.app/Contents/Eclipse/plugins/com.st.stm32cube.ide.mcu.externaltools.gnu-tools-for-stm32.10.3-2021.10.macos64_1.0.100.202210260954/tools/arm-none-eabi/include/c++/10.3.1/bits/std_function.h:88:17:const void* std::_Any_data::_M_access() const	16	static
/Applications/STM32CubeIDE.app/Contents/Eclipse/plugins/com.st.stm32cube.ide.mcu.externaltools.gnu-tools-for-stm32.10.3-2021.10.macos64_1.0.100.202210260954/tools/arm-none-eabi/include/c++/10.3.1/bits/std_function.h:240:5:std::_Function_base::_Function_base()	16	static
/Applications/STM32CubeIDE.app/Contents/Eclipse/plugins/com.st.stm32cube.ide.mcu.externaltools.gnu-tools-for-stm32.10.3-2021.10.macos64_1.0.100.202210260954/tools/arm-none-eabi/include/c++/10.3.1/bits/std_function.h:242:5:std::_Function_base::~_Function_base()	16	static
/Users/flavio/STM32CubeIDE/workspace_1.11.2/Trackle_nucleo_boilerplate/trackle-library/include/coap.h:107:16:bool trackle::protocol::CoAPCode::is_success(trackle::protocol::CoAPCode::Enum)	16	static
/Users/flavio/STM32CubeIDE/workspace_1.11.2/Trackle_nucleo_boilerplate/trackle-library/include/coap.h:135:16:bool trackle::protocol::CoAPType::is_reply(trackle::protocol::CoAPType::Enum)	16	static
/Users/flavio/STM32CubeIDE/workspace_1.11.2/Trackle_nucleo_boilerplate/trackle-library/include/coap.h:146:31:static trackle::protocol::message_id_t trackle::protocol::CoAP::message_id(uint8_t*)	16	static
/Users/flavio/STM32CubeIDE/workspace_1.11.2/Trackle_nucleo_boilerplate/trackle-library/include/message_channel.h:66:4:trackle::protocol::Message::Message()	16	static
/Users/flavio/STM32CubeIDE/workspace_1.11.2/Trackle_nucleo_boilerplate/trackle-library/include/message_channel.h:68:4:trackle::protocol::Message::Message(uint8_t*, size_t, size_t)	24	static
/Users/flavio/STM32CubeIDE/workspace_1.11.2/Trackle_nucleo_boilerplate/trackle-library/include/message_channel.h:72:11:size_t trackle::protocol::Message::capacity() const	16	static
/Users/flavio/STM32CubeIDE/workspace_1.11.2/Trackle_nucleo_boilerplate/trackle-library/include/message_channel.h:73:13:uint8_t* trackle::protocol::Message::buf() const	16	static
/Users/flavio/STM32CubeIDE/workspace_1.11.2/Trackle_nucleo_boilerplate/trackle-library/include/message_channel.h:74:11:size_t trackle::protocol::Message::length() const	16	static
/Users/flavio/STM32CubeIDE/workspace_1.11.2/Trackle_nucleo_boilerplate/trackle-library/include/message_channel.h:76:9:void trackle::protocol::Message::set_length(size_t)	16	static
/Users/flavio/STM32CubeIDE/workspace_1.11.2/Trackle_nucleo_boilerplate/trackle-library/include/message_channel.h:88:9:void trackle::protocol::Message::set_id(trackle::protocol::message_id_t)	16	static
/Users/flavio/STM32CubeIDE/workspace_1.11.2/Trackle_nucleo_boilerplate/trackle-library/include/message_channel.h:90:17:trackle::protocol::message_id_t trackle::protocol::Message::get_id()	16	static
/Users/flavio/STM32CubeIDE/workspace_1.11.2/Trackle_nucleo_boilerplate/trackle-library/include/message_channel.h:98:19:trackle::protocol::CoAPType::Enum trackle::protocol::Message::get_type() const	16	static
/Users/flavio/STM32CubeIDE/workspace_1.11.2/Trackle_nucleo_boilerplate/trackle-library/include/message_channel.h:123:9:void trackle::protocol::Message::set_confirm_received(bool)	16	static
/Users/flavio/STM32CubeIDE/workspace_1.11.2/Trackle_nucleo_boilerplate/trackle-library/include/ping.h:66:9:void trackle::protocol::Pinger::reset()	16	static
/Users/flavio/STM32CubeIDE/workspace_1.11.2/Trackle_nucleo_boilerplate/trackle-library/include/ping.h:95:9:void trackle::protocol::Pinger::message_received()	16	static
/Users/flavio/STM32CubeIDE/workspace_1.11.2/Trackle_nucleo_boilerplate/trackle-library/include/messages.h:94:34:static size_t trackle::protocol::Messages::empty_ack(unsigned char*, unsigned char, unsigned char)	16	static
/Users/flavio/STM32CubeIDE/workspace_1.11.2/Trackle_nucleo_boilerplate/trackle-library/include/messages.h:101:34:static size_t trackle::protocol::Messages::coded_ack(unsigned char*, unsigned char, unsigned char, unsigned char)	16	static
/Users/flavio/STM32CubeIDE/workspace_1.11.2/Trackle_nucleo_boilerplate/trackle-library/include/messages.h:113:34:static size_t trackle::protocol::Messages::coded_ack(unsigned char*, unsigned char, unsigned char, unsigned char, unsigned char)	16	static
/Users/flavio/STM32CubeIDE/workspace_1.11.2/Trackle_nucleo_boilerplate/trackle-library/include/messages.h:162:34:static size_t trackle::protocol::Messages::description(unsigned char*, trackle::protocol::message_id_t, trackle::protocol::token_t)	16	static
/Users/flavio/STM32CubeIDE/workspace_1.11.2/Trackle_nucleo_boilerplate/trackle-library/include/chunked_transfer.h:122:9:void trackle::protocol::ChunkedTransfer::init(trackle::protocol::ChunkedTransfer::Callbacks*)	16	static
/Users/flavio/STM32CubeIDE/workspace_1.11.2/Trackle_nucleo_boilerplate/trackle-library/include/chunked_transfer.h:127:9:void trackle::protocol::ChunkedTransfer::reset()	16	static
/Users/flavio/STM32CubeIDE/workspace_1.11.2/Trackle_nucleo_boilerplate/trackle-library/include/chunked_transfer.h:150:9:bool trackle::protocol::ChunkedTransfer::is_updating()	16	static
/Users/flavio/STM32CubeIDE/workspace_1.11.2/Trackle_nucleo_boilerplate/trackle-library/include/chunked_transfer.h:155:9:void trackle::protocol::ChunkedTransfer::reset_updating()	16	static
/Users/flavio/STM32CubeIDE/workspace_1.11.2/Trackle_nucleo_boilerplate/trackle-library/include/appender.h:46:10:bool Appender::append(const char*)	24	static
/Users/flavio/STM32CubeIDE/workspace_1.11.2/Trackle_nucleo_boilerplate/trackle-library/include/appender.h:50:10:bool Appender::append(char)	16	static
/Users/flavio/STM32CubeIDE/workspace_1.11.2/Trackle_nucleo_boilerplate/trackle-library/include/appender.h:56:13:bool append_instance(void*, const uint8_t*, size_t)	32	static
/Users/flavio/STM32CubeIDE/workspace_1.11.2/Trackle_nucleo_boilerplate/trackle-library/include/appender.h:41:7:constexpr Appender::Appender()	16	static
/Users/flavio/STM32CubeIDE/workspace_1.11.2/Trackle_nucleo_boilerplate/trackle-library/include/appender.h:70:5:BufferAppender::BufferAppender(uint8_t*, size_t)	24	static
/Users/flavio/STM32CubeIDE/workspace_1.11.2/Trackle_nucleo_boilerplate/trackle-library/include/appender.h:77:10:virtual bool BufferAppender::append(const uint8_t*, size_t)	32	static
/Users/flavio/STM32CubeIDE/workspace_1.11.2/Trackle_nucleo_boilerplate/trackle-library/include/appender.h:107:14:uint16_t BufferAppender::overflowed() const	16	static
/Users/flavio/STM32CubeIDE/workspace_1.11.2/Trackle_nucleo_boilerplate/trackle-library/include/appender.h:109:20:const uint8_t* BufferAppender::next()	16	static
/Users/flavio/STM32CubeIDE/workspace_1.11.2/Trackle_nucleo_boilerplate/trackle-library/include/appender.h:119:9:trackle::BufferAppender2::BufferAppender2(char*, size_t)	24	static
/Users/flavio/STM32CubeIDE/workspace_1.11.2/Trackle_nucleo_boilerplate/trackle-library/include/appender.h:125:22:virtual bool trackle::BufferAppender2::append(const uint8_t*, size_t)	32	static
/Users/flavio/STM32CubeIDE/workspace_1.11.2/Trackle_nucleo_boilerplate/trackle-library/include/appender.h:150:16:size_t trackle::BufferAppender2::dataSize() const	16	static
/Users/flavio/STM32CubeIDE/workspace_1.11.2/Trackle_nucleo_boilerplate/trackle-library/include/completion_handler.h:53:18:trackle::CompletionHandler::CompletionHandler(completion_callback, void*)	24	static
/Users/flavio/STM32CubeIDE/workspace_1.11.2/Trackle_nucleo_boilerplate/trackle-library/include/completion_handler.h:58:9:trackle::CompletionHandler::CompletionHandler(trackle::CompletionHandler&&)	16	static
/Users/flavio/STM32CubeIDE/workspace_1.11.2/Trackle_nucleo_boilerplate/trackle-library/include/completion_handler.h:64:9:trackle::CompletionHandler::~CompletionHandler()	16	static
/Users/flavio/STM32CubeIDE/workspace_1.11.2/Trackle_nucleo_boilerplate/trackle-library/include/completion_handler.h:76:14:void trackle::CompletionHandler::setResult()	24	static
/Users/flavio/STM32CubeIDE/workspace_1.11.2/Trackle_nucleo_boilerplate/trackle-library/include/completion_handler.h:82:14:void trackle::CompletionHandler::setError(int, const char*)	32	static
/Users/flavio/STM32CubeIDE/workspace_1.11.2/Trackle_nucleo_boilerplate/trackle-library/include/completion_handler.h:91:28:trackle::CompletionHandler& trackle::CompletionHandler::operator=(trackle::CompletionHandler&&)	16	static
/Users/flavio/STM32CubeIDE/workspace_1.11.2/Trackle_nucleo_boilerplate/trackle-library/include/completion_handler.h:114:14:void trackle::CompletionHandler::setResult(const void*)	24	static
/Users/flavio/STM32CubeIDE/workspace_1.11.2/Trackle_nucleo_boilerplate/trackle-library/include/functions.h:38:27:trackle::protocol::ProtocolError trackle::protocol::Functions::function_result(trackle::protocol::MessageChannel&, const void*, TrackleReturnType::Enum, trackle::protocol::token_t)	64	static
/Users/flavio/STM32CubeIDE/workspace_1.11.2/Trackle_nucleo_boilerplate/trackle-library/include/functions.h:121:33:trackle::protocol::Functions::handle_function_call(trackle::protocol::token_t, trackle::protocol::message_id_t, trackle::protocol::Message&, trackle::protocol::MessageChannel&, int (*)(const char*, const char*, const char*, TrackleDescriptor::FunctionResultCallback, void*))::<lambda(const void*, TrackleReturnType::Enum)>	32	static
/Applications/STM32CubeIDE.app/Contents/Eclipse/plugins/com.st.stm32cube.ide.mcu.externaltools.gnu-tools-for-stm32.10.3-2021.10.macos64_1.0.100.202210260954/tools/arm-none-eabi/include/c++/10.3.1/bits/std_function.h:303:11:std::function<bool(const void*, TrackleReturnType::Enum)>::~function()	16	static
/Users/flavio/STM32CubeIDE/workspace_1.11.2/Trackle_nucleo_boilerplate/trackle-library/include/functions.h:48:27:trackle::protocol::ProtocolError trackle::protocol::Functions::handle_function_call(trackle::protocol::token_t, trackle::protocol::message_id_t, trackle::protocol::Message&, trackle::protocol::MessageChannel&, int (*)(const char*, const char*, const char*, TrackleDescriptor::FunctionResultCallback, void*))	544	static
/Users/flavio/STM32CubeIDE/workspace_1.11.2/Trackle_nucleo_boilerplate/trackle-library/include/properties.h:37:27:trackle::protocol::ProtocolError trackle::protocol::Properties::property_result(trackle::protocol::MessageChannel&, const void*, TrackleReturnType::Enum, trackle::protocol::token_t)	72	static
/Users/flavio/STM32CubeIDE/workspace_1.11.2/Trackle_nucleo_boilerplate/trackle-library/include/properties.h:132:33:trackle::protocol::Properties::handle_property_call(trackle::protocol::token_t, trackle::protocol::message_id_t, trackle::protocol::Message&, trackle::protocol::MessageChannel&, int (*)(const char*, const char*, const char*, TrackleDescriptor::FunctionResultCallback, void*))::<lambda(const void*, TrackleReturnType::Enum)>	32	static
/Users/flavio/STM32CubeIDE/workspace_1.11.2/Trackle_nucleo_boilerplate/trackle-library/include/properties.h:59:27:trackle::protocol::ProtocolError trackle::protocol::Properties::handle_property_call(trackle::protocol::token_t, trackle::protocol::message_id_t, trackle::protocol::Message&, trackle::protocol::MessageChannel&, int (*)(const char*, const char*, const char*, TrackleDescriptor::FunctionResultCallback, void*))	528	static
/Users/flavio/STM32CubeIDE/workspace_1.11.2/Trackle_nucleo_boilerplate/trackle-library/include/subscriptions.h:70:14:trackle::protocol::Subscriptions::compute_subscriptions_checksum(trackle::protocol::Subscriptions::calculate_crc_fn)::<lambda(FilteringEventHandler&)>	40	static
/Users/flavio/STM32CubeIDE/workspace_1.11.2/Trackle_nucleo_boilerplate/trackle-library/include/subscriptions.h:67:13:uint32_t trackle::protocol::Subscriptions::compute_subscriptions_checksum(trackle::protocol::Subscriptions::calculate_crc_fn)	32	static
/Users/flavio/STM32CubeIDE/workspace_1.11.2/Trackle_nucleo_boilerplate/trackle-library/include/subscriptions.h:82:18:trackle::protocol::ProtocolError trackle::protocol::Subscriptions::handle_event(trackle::protocol::Message&, void (*)(uint16_t, FilteringEventHandler*, const char*, const char*, void*), trackle::protocol::MessageChannel&)	136	static
/Users/flavio/STM32CubeIDE/workspace_1.11.2/Trackle_nucleo_boilerplate/trackle-library/include/variables.h:38:27:trackle::protocol::ProtocolError trackle::protocol::Variables::decode_variable_request(char*, char*, trackle::protocol::Message&)	48	static
/Users/flavio/STM32CubeIDE/workspace_1.11.2/Trackle_nucleo_boilerplate/trackle-library/include/variables.h:99:27:trackle::protocol::ProtocolError trackle::protocol::Variables::handle_variable_request(char*, char*, trackle::protocol::Message&, trackle::protocol::MessageChannel&, trackle::protocol::token_t, trackle::protocol::message_id_t, TrackleReturnType::Enum (*)(const char*), const void* (*)(const char*))	104	static
/Users/flavio/STM32CubeIDE/workspace_1.11.2/Trackle_nucleo_boilerplate/trackle-library/include/timesyncmanager.h:42:18:void trackle::protocol::TimeSyncManager::reset()	16	static
/Users/flavio/STM32CubeIDE/workspace_1.11.2/Trackle_nucleo_boilerplate/trackle-library/include/protocol.h:97:10:void trackle::protocol::Protocol::ChunkedTransferCallbacks::init(TrackleCallbacks*)	16	static
/Users/flavio/STM32CubeIDE/workspace_1.11.2/Trackle_nucleo_boilerplate/trackle-library/include/protocol.h:226:18:trackle::protocol::ProtocolError trackle::protocol::Protocol::ping(bool)	80	static
/Users/flavio/STM32CubeIDE/workspace_1.11.2/Trackle_nucleo_boilerplate/trackle-library/include/protocol.h:258:49:trackle::protocol::Protocol::event_loop_idle()::<lambda()>	24	static
/Users/flavio/STM32CubeIDE/workspace_1.11.2/Trackle_nucleo_boilerplate/trackle-library/include/protocol.h:249:18:trackle::protocol::ProtocolError trackle::protocol::Protocol::event_loop_idle()	32	static
../trackle-library/src/protocol.cpp:17:23:trackle::protocol::ProtocolError trackle::protocol::Protocol::send_empty_ack(trackle::protocol::Message&, trackle::protocol::message_id_t)	24	static
../trackle-library/src/protocol.cpp:27:23:trackle::protocol::ProtocolError trackle::protocol::Protocol::handle_received_message(trackle::protocol::Message&, trackle::protocol::CoAPMessageType::Enum&)	1880	static
../trackle-library/src/protocol.cpp:146:14:void trackle::protocol::Protocol::notify_message_complete(trackle::protocol::message_id_t, trackle::protocol::CoAPCode::Enum)	320	static
../trackle-library/src/protocol.cpp:171:23:trackle::protocol::ProtocolError trackle::protocol::Protocol::handle_key_change(trackle::protocol::Message&)	64	static
../trackle-library/src/protocol.cpp:201:14:void trackle::protocol::Protocol::handle_time_response(uint32_t)	40	static
../trackle-library/src/protocol.cpp:219:14:static void trackle::protocol::Protocol::copy_and_init(void*, size_t, const void*, size_t)	24	static
../trackle-library/src/protocol.cpp:226:14:void trackle::protocol::Protocol::init(const TrackleCallbacks&, const TrackleDescriptor&)	24	static
../trackle-library/src/protocol.cpp:243:18:static uint32_t trackle::protocol::Protocol::application_state_checksum(uint32_t (*)(const uint8_t*, uint32_t), uint32_t, uint32_t, uint32_t)	40	static
../trackle-library/src/protocol.cpp:253:14:void trackle::protocol::Protocol::update_subscription_crc()	32	static
../trackle-library/src/protocol.cpp:267:18:uint32_t trackle::protocol::Protocol::application_state_checksum()	32	static
../trackle-library/src/protocol.cpp:279:13:int trackle::protocol::Protocol::begin()	1704	static
../trackle-library/src/protocol.cpp:369:9:trackle::protocol::ProtocolError trackle::protocol::Protocol::hello(bool)	48	static
../trackle-library/src/protocol.cpp:383:23:trackle::protocol::ProtocolError trackle::protocol::Protocol::hello_response()	304	static
../trackle-library/src/protocol.cpp:402:23:trackle::protocol::ProtocolError trackle::protocol::Protocol::event_loop(trackle::protocol::CoAPMessageType::Enum, system_tick_t)	560	static
../trackle-library/src/protocol.cpp:427:23:trackle::protocol::ProtocolError trackle::protocol::Protocol::event_loop(trackle::protocol::CoAPMessageType::Enum&)	328	static
../trackle-library/src/protocol.cpp:461:14:void trackle::protocol::Protocol::build_describe_message(Appender&, int)	80	static
../trackle-library/src/protocol.cpp:540:23:trackle::protocol::ProtocolError trackle::protocol::Protocol::generate_and_send_description(trackle::protocol::MessageChannel&, trackle::protocol::Message&, size_t, int)	808	static
../trackle-library/src/protocol.cpp:594:23:trackle::protocol::ProtocolError trackle::protocol::Protocol::post_description(int)	56	static
../trackle-library/src/protocol.cpp:609:23:trackle::protocol::ProtocolError trackle::protocol::Protocol::send_description(trackle::protocol::token_t, trackle::protocol::message_id_t, int)	64	static
../trackle-library/src/protocol.cpp:620:13:virtual int trackle::protocol::Protocol::ChunkedTransferCallbacks::prepare_for_firmware_update(FileTransfer::Descriptor&, uint32_t, void*)	24	static
../trackle-library/src/protocol.cpp:625:13:virtual int trackle::protocol::Protocol::ChunkedTransferCallbacks::save_firmware_chunk(FileTransfer::Descriptor&, const unsigned char*, void*)	24	static
../trackle-library/src/protocol.cpp:630:13:virtual int trackle::protocol::Protocol::ChunkedTransferCallbacks::finish_firmware_update(FileTransfer::Descriptor&, uint32_t, void*)	24	static
../trackle-library/src/protocol.cpp:635:18:virtual uint32_t trackle::protocol::Protocol::ChunkedTransferCallbacks::calculate_crc(const unsigned char*, uint32_t)	24	static
../trackle-library/src/protocol.cpp:640:23:virtual system_tick_t trackle::protocol::Protocol::ChunkedTransferCallbacks::millis()	16	static
../trackle-library/src/protocol.cpp:645:13:virtual int trackle::protocol::Protocol::get_describe_data(trackle_protocol_describe_data*, void*)	40	static
/Applications/STM32CubeIDE.app/Contents/Eclipse/plugins/com.st.stm32cube.ide.mcu.externaltools.gnu-tools-for-stm32.10.3-2021.10.macos64_1.0.100.202210260954/tools/arm-none-eabi/include/c++/10.3.1/bits/charconv.h:47:5:constexpr unsigned int std::__detail::__to_chars_len(_Tp, int) [with _Tp = unsigned int]	32	static
/Applications/STM32CubeIDE.app/Contents/Eclipse/plugins/com.st.stm32cube.ide.mcu.externaltools.gnu-tools-for-stm32.10.3-2021.10.macos64_1.0.100.202210260954/tools/arm-none-eabi/include/c++/10.3.1/bits/charconv.h:72:5:void std::__detail::__to_chars_10_impl(char*, unsigned int, _Tp) [with _Tp = unsigned int]	40	static
/Applications/STM32CubeIDE.app/Contents/Eclipse/plugins/com.st.stm32cube.ide.mcu.externaltools.gnu-tools-for-stm32.10.3-2021.10.macos64_1.0.100.202210260954/tools/arm-none-eabi/include/c++/10.3.1/bits/basic_string.h:6121:5:std::__cxx11::basic_string<_CharT, _Traits, _Alloc> std::operator+(std::__cxx11::basic_string<_CharT, _Traits, _Alloc>&&, std::__cxx11::basic_string<_CharT, _Traits, _Alloc>&&) [with _CharT = char; _Traits = std::char_traits<char>; _Alloc = std::allocator<char>]	56	static
/Users/flavio/STM32CubeIDE/workspace_1.11.2/Trackle_nucleo_boilerplate/trackle-library/include/completion_handler.h:71:14:void trackle::CompletionHandler::setResult(const T&) [with T = std::nullptr_t]	16	static
/Applications/STM32CubeIDE.app/Contents/Eclipse/plugins/com.st.stm32cube.ide.mcu.externaltools.gnu-tools-for-stm32.10.3-2021.10.macos64_1.0.100.202210260954/tools/arm-none-eabi/include/c++/10.3.1/bits/std_function.h:601:7:)>::function(_Functor) [with _Functor = trackle::protocol::Functions::handle_function_call(trackle::protocol::token_t, trackle::protocol::message_id_t, trackle::protocol::Message&, trackle::protocol::MessageChannel&, int (*)(const char*, const char*, const char*, TrackleDescriptor::FunctionResultCallback, void*))::<lambda(const void*, TrackleReturnType::Enum)>; <template-parameter-2-2> = void; <template-parameter-2-3> = void; _Res = bool; _ArgTypes = {const void*, TrackleReturnType::Enum}]	32	static
/Applications/STM32CubeIDE.app/Contents/Eclipse/plugins/com.st.stm32cube.ide.mcu.externaltools.gnu-tools-for-stm32.10.3-2021.10.macos64_1.0.100.202210260954/tools/arm-none-eabi/include/c++/10.3.1/bits/std_function.h:601:7:)>::function(_Functor) [with _Functor = trackle::protocol::Properties::handle_property_call(trackle::protocol::token_t, trackle::protocol::message_id_t, trackle::protocol::Message&, trackle::protocol::MessageChannel&, int (*)(const char*, const char*, const char*, TrackleDescriptor::FunctionResultCallback, void*))::<lambda(const void*, TrackleReturnType::Enum)>; <template-parameter-2-2> = void; <template-parameter-2-3> = void; _Res = bool; _ArgTypes = {const void*, TrackleReturnType::Enum}]	32	static
/Users/flavio/STM32CubeIDE/workspace_1.11.2/Trackle_nucleo_boilerplate/trackle-library/include/subscriptions.h:204:18:trackle::protocol::ProtocolError trackle::protocol::Subscriptions::for_each(F) [with F = trackle::protocol::Subscriptions::compute_subscriptions_checksum(trackle::protocol::Subscriptions::calculate_crc_fn)::<lambda(FilteringEventHandler&)>]	40	static
/Users/flavio/STM32CubeIDE/workspace_1.11.2/Trackle_nucleo_boilerplate/trackle-library/include/ping.h:77:18:trackle::protocol::ProtocolError trackle::protocol::Pinger::process(system_tick_t, Callback) [with Callback = trackle::protocol::Protocol::event_loop_idle()::<lambda()>]	24	static
/Users/flavio/STM32CubeIDE/workspace_1.11.2/Trackle_nucleo_boilerplate/trackle-library/include/completion_handler.h:438:16:trackle::CompletionHandlerMap<short unsigned int>::Handler::~Handler()	16	static
/Users/flavio/STM32CubeIDE/workspace_1.11.2/Trackle_nucleo_boilerplate/trackle-library/include/completion_handler.h:438:16:trackle::CompletionHandlerMap<short unsigned int>::Handler::Handler(trackle::CompletionHandlerMap<short unsigned int>::Handler&&)	16	static
/Users/flavio/STM32CubeIDE/workspace_1.11.2/Trackle_nucleo_boilerplate/trackle-library/include/completion_handler.h:382:14:void trackle::CompletionHandlerMap<KeyT>::setResult(const KeyT&) [with KeyT = short unsigned int]	24	static
/Users/flavio/STM32CubeIDE/workspace_1.11.2/Trackle_nucleo_boilerplate/trackle-library/include/completion_handler.h:387:14:void trackle::CompletionHandlerMap<KeyT>::setError(const KeyT&, int, const char*) [with KeyT = short unsigned int]	32	static
/Users/flavio/STM32CubeIDE/workspace_1.11.2/Trackle_nucleo_boilerplate/trackle-library/include/timesyncmanager.h:63:18:bool trackle::protocol::TimeSyncManager::handle_time_response(time_t, system_tick_t, Callback) [with Callback = void (*)(long long int, unsigned int, void*)]	304	static
/Users/flavio/STM32CubeIDE/workspace_1.11.2/Trackle_nucleo_boilerplate/trackle-library/include/completion_handler.h:355:14:void trackle::CompletionHandlerMap<KeyT>::clear() [with KeyT = short unsigned int]	32	static
/Users/flavio/STM32CubeIDE/workspace_1.11.2/Trackle_nucleo_boilerplate/trackle-library/include/completion_handler.h:394:13:int trackle::CompletionHandlerMap<KeyT>::update(system_tick_t) [with KeyT = short unsigned int]	56	static
/Applications/STM32CubeIDE.app/Contents/Eclipse/plugins/com.st.stm32cube.ide.mcu.externaltools.gnu-tools-for-stm32.10.3-2021.10.macos64_1.0.100.202210260954/tools/arm-none-eabi/include/c++/10.3.1/bits/allocator.h:212:7:bool std::operator==(const std::allocator<char>&, const std::allocator<char>&)	16	static
/Applications/STM32CubeIDE.app/Contents/Eclipse/plugins/com.st.stm32cube.ide.mcu.externaltools.gnu-tools-for-stm32.10.3-2021.10.macos64_1.0.100.202210260954/tools/arm-none-eabi/include/c++/10.3.1/bits/move.h:101:5:constexpr typename std::remove_reference<_Tp>::type&& std::move(_Tp&&) [with _Tp = std::__cxx11::basic_string<char>&]	16	static
/Applications/STM32CubeIDE.app/Contents/Eclipse/plugins/com.st.stm32cube.ide.mcu.externaltools.gnu-tools-for-stm32.10.3-2021.10.macos64_1.0.100.202210260954/tools/arm-none-eabi/include/c++/10.3.1/bits/std_function.h:227:4:static bool std::_Function_base::_Base_manager<_Functor>::_M_not_empty_function(const _Tp&) [with _Tp = trackle::protocol::Functions::handle_function_call(trackle::protocol::token_t, trackle::protocol::message_id_t, trackle::protocol::Message&, trackle::protocol::MessageChannel&, int (*)(const char*, const char*, const char*, TrackleDescriptor::FunctionResultCallback, void*))::<lambda(const void*, TrackleReturnType::Enum)>; _Functor = trackle::protocol::Functions::handle_function_call(trackle::protocol::token_t, trackle::protocol::message_id_t, trackle::protocol::Message&, trackle::protocol::MessageChannel&, int (*)(const char*, const char*, const char*, TrackleDescriptor::FunctionResultCallback, void*))::<lambda(const void*, TrackleReturnType::Enum)>]	16	static
/Applications/STM32CubeIDE.app/Contents/Eclipse/plugins/com.st.stm32cube.ide.mcu.externaltools.gnu-tools-for-stm32.10.3-2021.10.macos64_1.0.100.202210260954/tools/arm-none-eabi/include/c++/10.3.1/bits/move.h:101:5:constexpr typename std::remove_reference<_Tp>::type&& std::move(_Tp&&) [with _Tp = trackle::protocol::Functions::handle_function_call(trackle::protocol::token_t, trackle::protocol::message_id_t, trackle::protocol::Message&, trackle::protocol::MessageChannel&, int (*)(const char*, const char*, const char*, TrackleDescriptor::FunctionResultCallback, void*))::<lambda(const void*, TrackleReturnType::Enum)>&]	16	static
/Applications/STM32CubeIDE.app/Contents/Eclipse/plugins/com.st.stm32cube.ide.mcu.externaltools.gnu-tools-for-stm32.10.3-2021.10.macos64_1.0.100.202210260954/tools/arm-none-eabi/include/c++/10.3.1/bits/std_function.h:207:2:static void std::_Function_base::_Base_manager<_Functor>::_M_init_functor(std::_Any_data&, _Functor&&) [with _Functor = trackle::protocol::Functions::handle_function_call(trackle::protocol::token_t, trackle::protocol::message_id_t, trackle::protocol::Message&, trackle::protocol::MessageChannel&, int (*)(const char*, const char*, const char*, TrackleDescriptor::FunctionResultCallback, void*))::<lambda(const void*, TrackleReturnType::Enum)>]	24	static
/Applications/STM32CubeIDE.app/Contents/Eclipse/plugins/com.st.stm32cube.ide.mcu.externaltools.gnu-tools-for-stm32.10.3-2021.10.macos64_1.0.100.202210260954/tools/arm-none-eabi/include/c++/10.3.1/bits/std_function.h:289:7:) [with _Res = bool; _Functor = trackle::protocol::Functions::handle_function_call(trackle::protocol::token_t, trackle::protocol::message_id_t, trackle::protocol::Message&, trackle::protocol::MessageChannel&, int (*)(const char*, const char*, const char*, TrackleDescriptor::FunctionResultCallback, void*))::<lambda(const void*, TrackleReturnType::Enum)>; _ArgTypes = {const void*, TrackleReturnType::Enum}]	32	static
/Applications/STM32CubeIDE.app/Contents/Eclipse/plugins/com.st.stm32cube.ide.mcu.externaltools.gnu-tools-for-stm32.10.3-2021.10.macos64_1.0.100.202210260954/tools/arm-none-eabi/include/c++/10.3.1/bits/std_function.h:268:7:), _Functor>::_M_manager(std::_Any_data&, const std::_Any_data&, std::_Manager_operation) [with _Res = bool; _Functor = trackle::protocol::Functions::handle_function_call(trackle::protocol::token_t, trackle::protocol::message_id_t, trackle::protocol::Message&, trackle::protocol::MessageChannel&, int (*)(const char*, const char*, const char*, TrackleDescriptor::FunctionResultCallback, void*))::<lambda(const void*, TrackleReturnType::Enum)>; _ArgTypes = {const void*, TrackleReturnType::Enum}]	32	static
/Applications/STM32CubeIDE.app/Contents/Eclipse/plugins/com.st.stm32cube.ide.mcu.externaltools.gnu-tools-for-stm32.10.3-2021.10.macos64_1.0.100.202210260954/tools/arm-none-eabi/include/c++/10.3.1/bits/std_function.h:227:4:static bool std::_Function_base::_Base_manager<_Functor>::_M_not_empty_function(const _Tp&) [with _Tp = trackle::protocol::Properties::handle_property_call(trackle::protocol::token_t, trackle::protocol::message_id_t, trackle::protocol::Message&, trackle::protocol::MessageChannel&, int (*)(const char*, const char*, const char*, TrackleDescriptor::FunctionResultCallback, void*))::<lambda(const void*, TrackleReturnType::Enum)>; _Functor = trackle::protocol::Properties::handle_property_call(trackle::protocol::token_t, trackle::protocol::message_id_t, trackle::protocol::Message&, trackle::protocol::MessageChannel&, int (*)(const char*, const char*, const char*, TrackleDescriptor::FunctionResultCallback, void*))::<lambda(const void*, TrackleReturnType::Enum)>]	16	static
/Applications/STM32CubeIDE.app/Contents/Eclipse/plugins/com.st.stm32cube.ide.mcu.externaltools.gnu-tools-for-stm32.10.3-2021.10.macos64_1.0.100.202210260954/tools/arm-none-eabi/include/c++/10.3.1/bits/move.h:101:5:constexpr typename std::remove_reference<_Tp>::type&& std::move(_Tp&&) [with _Tp = trackle::protocol::Properties::handle_property_call(trackle::protocol::token_t, trackle::protocol::message_id_t, trackle::protocol::Message&, trackle::protocol::MessageChannel&, int (*)(const char*, const char*, const char*, TrackleDescriptor::FunctionResultCallback, void*))::<lambda(const void*, TrackleReturnType::Enum)>&]	16	static
/Applications/STM32CubeIDE.app/Contents/Eclipse/plugins/com.st.stm32cube.ide.mcu.externaltools.gnu-tools-for-stm32.10.3-2021.10.macos64_1.0.100.202210260954/tools/arm-none-eabi/include/c++/10.3.1/bits/std_function.h:207:2:static void std::_Function_base::_Base_manager<_Functor>::_M_init_functor(std::_Any_data&, _Functor&&) [with _Functor = trackle::protocol::Properties::handle_property_call(trackle::protocol::token_t, trackle::protocol::message_id_t, trackle::protocol::Message&, trackle::protocol::MessageChannel&, int (*)(const char*, const char*, const char*, TrackleDescriptor::FunctionResultCallback, void*))::<lambda(const void*, TrackleReturnType::Enum)>]	24	static
/Applications/STM32CubeIDE.app/Contents/Eclipse/plugins/com.st.stm32cube.ide.mcu.externaltools.gnu-tools-for-stm32.10.3-2021.10.macos64_1.0.100.202210260954/tools/arm-none-eabi/include/c++/10.3.1/bits/std_function.h:289:7:) [with _Res = bool; _Functor = trackle::protocol::Properties::handle_property_call(trackle::protocol::token_t, trackle::protocol::message_id_t, trackle::protocol::Message&, trackle::protocol::MessageChannel&, int (*)(const char*, const char*, const char*, TrackleDescriptor::FunctionResultCallback, void*))::<lambda(const void*, TrackleReturnType::Enum)>; _ArgTypes = {const void*, TrackleReturnType::Enum}]	32	static
/Applications/STM32CubeIDE.app/Contents/Eclipse/plugins/com.st.stm32cube.ide.mcu.externaltools.gnu-tools-for-stm32.10.3-2021.10.macos64_1.0.100.202210260954/tools/arm-none-eabi/include/c++/10.3.1/bits/std_function.h:268:7:), _Functor>::_M_manager(std::_Any_data&, const std::_Any_data&, std::_Manager_operation) [with _Res = bool; _Functor = trackle::protocol::Properties::handle_property_call(trackle::protocol::token_t, trackle::protocol::message_id_t, trackle::protocol::Message&, trackle::protocol::MessageChannel&, int (*)(const char*, const char*, const char*, TrackleDescriptor::FunctionResultCallback, void*))::<lambda(const void*, TrackleReturnType::Enum)>; _ArgTypes = {const void*, TrackleReturnType::Enum}]	32	static
/Users/flavio/STM32CubeIDE/workspace_1.11.2/Trackle_nucleo_boilerplate/trackle-library/include/trackle_wiring_vector.h:270:21:static void trackle::Vector<T, AllocatorT>::destruct(T*, const T*) [with T = trackle::CompletionHandlerMap<short unsigned int>::Handler; AllocatorT = trackle::DefaultAllocator]	16	static
/Users/flavio/STM32CubeIDE/workspace_1.11.2/Trackle_nucleo_boilerplate/trackle-library/include/completion_handler.h:315:27:trackle::CompletionHandler trackle::CompletionHandlerMap<KeyT>::takeHandler(const KeyT&) [with KeyT = short unsigned int]	48	static
/Users/flavio/STM32CubeIDE/workspace_1.11.2/Trackle_nucleo_boilerplate/trackle-library/include/trackle_wiring_vector.h:717:11:T* trackle::Vector<T, AllocatorT>::begin() [with T = trackle::CompletionHandlerMap<short unsigned int>::Handler; AllocatorT = trackle::DefaultAllocator]	16	static
/Users/flavio/STM32CubeIDE/workspace_1.11.2/Trackle_nucleo_boilerplate/trackle-library/include/trackle_wiring_vector.h:729:4:T* trackle::Vector<T, AllocatorT>::end() [with T = trackle::CompletionHandlerMap<short unsigned int>::Handler; AllocatorT = trackle::DefaultAllocator]	16	static
/Users/flavio/STM32CubeIDE/workspace_1.11.2/Trackle_nucleo_boilerplate/trackle-library/include/trackle_wiring_vector.h:698:13:void trackle::Vector<T, AllocatorT>::clear() [with T = trackle::CompletionHandlerMap<short unsigned int>::Handler; AllocatorT = trackle::DefaultAllocator]	16	static
/Users/flavio/STM32CubeIDE/workspace_1.11.2/Trackle_nucleo_boilerplate/trackle-library/include/trackle_wiring_vector.h:666:13:bool trackle::Vector<T, AllocatorT>::isEmpty() const [with T = trackle::CompletionHandlerMap<short unsigned int>::Handler; AllocatorT = trackle::DefaultAllocator]	16	static
/Users/flavio/STM32CubeIDE/workspace_1.11.2/Trackle_nucleo_boilerplate/trackle-library/include/trackle_wiring_vector.h:569:11:T& trackle::Vector<T, AllocatorT>::at(int) [with T = trackle::CompletionHandlerMap<short unsigned int>::Handler; AllocatorT = trackle::DefaultAllocator]	16	static
/Users/flavio/STM32CubeIDE/workspace_1.11.2/Trackle_nucleo_boilerplate/trackle-library/include/trackle_wiring_vector.h:534:10:T trackle::Vector<T, AllocatorT>::takeAt(int) [with T = trackle::CompletionHandlerMap<short unsigned int>::Handler; AllocatorT = trackle::DefaultAllocator]	48	static
/Users/flavio/STM32CubeIDE/workspace_1.11.2/Trackle_nucleo_boilerplate/trackle-library/include/trackle_wiring_vector.h:660:12:int trackle::Vector<T, AllocatorT>::size() const [with T = trackle::CompletionHandlerMap<short unsigned int>::Handler; AllocatorT = trackle::DefaultAllocator]	16	static
/Applications/STM32CubeIDE.app/Contents/Eclipse/plugins/com.st.stm32cube.ide.mcu.externaltools.gnu-tools-for-stm32.10.3-2021.10.macos64_1.0.100.202210260954/tools/arm-none-eabi/include/c++/10.3.1/bits/std_function.h:236:2:static void std::_Function_base::_Base_manager<_Functor>::_M_init_functor(std::_Any_data&, _Functor&&, std::false_type) [with _Functor = trackle::protocol::Functions::handle_function_call(trackle::protocol::token_t, trackle::protocol::message_id_t, trackle::protocol::Message&, trackle::protocol::MessageChannel&, int (*)(const char*, const char*, const char*, TrackleDescriptor::FunctionResultCallback, void*))::<lambda(const void*, TrackleReturnType::Enum)>]	32	static
/Applications/STM32CubeIDE.app/Contents/Eclipse/plugins/com.st.stm32cube.ide.mcu.externaltools.gnu-tools-for-stm32.10.3-2021.10.macos64_1.0.100.202210260954/tools/arm-none-eabi/include/c++/10.3.1/bits/std_function.h:136:2:static _Functor* std::_Function_base::_Base_manager<_Functor>::_M_get_pointer(const std::_Any_data&) [with _Functor = trackle::protocol::Functions::handle_function_call(trackle::protocol::token_t, trackle::protocol::message_id_t, trackle::protocol::Message&, trackle::protocol::MessageChannel&, int (*)(const char*, const char*, const char*, TrackleDescriptor::FunctionResultCallback, void*))::<lambda(const void*, TrackleReturnType::Enum)>]	16	static
/Applications/STM32CubeIDE.app/Contents/Eclipse/plugins/com.st.stm32cube.ide.mcu.externaltools.gnu-tools-for-stm32.10.3-2021.10.macos64_1.0.100.202210260954/tools/arm-none-eabi/include/c++/10.3.1/bits/move.h:76:5:constexpr _Tp&& std::forward(typename std::remove_reference<_Tp>::type&) [with _Tp = const void*]	16	static
/Applications/STM32CubeIDE.app/Contents/Eclipse/plugins/com.st.stm32cube.ide.mcu.externaltools.gnu-tools-for-stm32.10.3-2021.10.macos64_1.0.100.202210260954/tools/arm-none-eabi/include/c++/10.3.1/bits/move.h:76:5:constexpr _Tp&& std::forward(typename std::remove_reference<_Tp>::type&) [with _Tp = TrackleReturnType::Enum]	16	static
/Applications/STM32CubeIDE.app/Contents/Eclipse/plugins/com.st.stm32cube.ide.mcu.externaltools.gnu-tools-for-stm32.10.3-2021.10.macos64_1.0.100.202210260954/tools/arm-none-eabi/include/c++/10.3.1/bits/invoke.h:59:5:) [with _Res = trackle::protocol::ProtocolError; _Fn = trackle::protocol::Functions::handle_function_call(trackle::protocol::token_t, trackle::protocol::message_id_t, trackle::protocol::Message&, trackle::protocol::MessageChannel&, int (*)(const char*, const char*, const char*, TrackleDescriptor::FunctionResultCallback, void*))::<lambda(const void*, TrackleReturnType::Enum)>&; _Args = {const void*, TrackleReturnType::Enum}]	32	static
/Applications/STM32CubeIDE.app/Contents/Eclipse/plugins/com.st.stm32cube.ide.mcu.externaltools.gnu-tools-for-stm32.10.3-2021.10.macos64_1.0.100.202210260954/tools/arm-none-eabi/include/c++/10.3.1/bits/move.h:76:5:constexpr _Tp&& std::forward(typename std::remove_reference<_Tp>::type&) [with _Tp = trackle::protocol::Functions::handle_function_call(trackle::protocol::token_t, trackle::protocol::message_id_t, trackle::protocol::Message&, trackle::protocol::MessageChannel&, int (*)(const char*, const char*, const char*, TrackleDescriptor::FunctionResultCallback, void*))::<lambda(const void*, TrackleReturnType::Enum)>&]	16	static
/Applications/STM32CubeIDE.app/Contents/Eclipse/plugins/com.st.stm32cube.ide.mcu.externaltools.gnu-tools-for-stm32.10.3-2021.10.macos64_1.0.100.202210260954/tools/arm-none-eabi/include/c++/10.3.1/bits/invoke.h:136:5:) [with _Res = bool; _Callable = trackle::protocol::Functions::handle_function_call(trackle::protocol::token_t, trackle::protocol::message_id_t, trackle::protocol::Message&, trackle::protocol::MessageChannel&, int (*)(const char*, const char*, const char*, TrackleDescriptor::FunctionResultCallback, void*))::<lambda(const void*, TrackleReturnType::Enum)>&; _Args = {const void*, TrackleReturnType::Enum}]	40	static
/Applications/STM32CubeIDE.app/Contents/Eclipse/plugins/com.st.stm32cube.ide.mcu.externaltools.gnu-tools-for-stm32.10.3-2021.10.macos64_1.0.100.202210260954/tools/arm-none-eabi/include/c++/10.3.1/bits/std_function.h:92:7:_Tp& std::_Any_data::_M_access() [with _Tp = trackle::protocol::Functions::handle_function_call(trackle::protocol::token_t, trackle::protocol::message_id_t, trackle::protocol::Message&, trackle::protocol::MessageChannel&, int (*)(const char*, const char*, const char*, TrackleDescriptor::FunctionResultCallback, void*))::<lambda(const void*, TrackleReturnType::Enum)>*]	16	static
/Applications/STM32CubeIDE.app/Contents/Eclipse/plugins/com.st.stm32cube.ide.mcu.externaltools.gnu-tools-for-stm32.10.3-2021.10.macos64_1.0.100.202210260954/tools/arm-none-eabi/include/c++/10.3.1/bits/std_function.h:181:2:static bool std::_Function_base::_Base_manager<_Functor>::_M_manager(std::_Any_data&, const std::_Any_data&, std::_Manager_operation) [with _Functor = trackle::protocol::Functions::handle_function_call(trackle::protocol::token_t, trackle::protocol::message_id_t, trackle::protocol::Message&, trackle::protocol::MessageChannel&, int (*)(const char*, const char*, const char*, TrackleDescriptor::FunctionResultCallback, void*))::<lambda(const void*, TrackleReturnType::Enum)>]	32	static
/Applications/STM32CubeIDE.app/Contents/Eclipse/plugins/com.st.stm32cube.ide.mcu.externaltools.gnu-tools-for-stm32.10.3-2021.10.macos64_1.0.100.202210260954/tools/arm-none-eabi/include/c++/10.3.1/bits/std_function.h:236:2:static void std::_Function_base::_Base_manager<_Functor>::_M_init_functor(std::_Any_data&, _Functor&&, std::false_type) [with _Functor = trackle::protocol::Properties::handle_property_call(trackle::protocol::token_t, trackle::protocol::message_id_t, trackle::protocol::Message&, trackle::protocol::MessageChannel&, int (*)(const char*, const char*, const char*, TrackleDescriptor::FunctionResultCallback, void*))::<lambda(const void*, TrackleReturnType::Enum)>]	32	static
/Applications/STM32CubeIDE.app/Contents/Eclipse/plugins/com.st.stm32cube.ide.mcu.externaltools.gnu-tools-for-stm32.10.3-2021.10.macos64_1.0.100.202210260954/tools/arm-none-eabi/include/c++/10.3.1/bits/std_function.h:136:2:static _Functor* std::_Function_base::_Base_manager<_Functor>::_M_get_pointer(const std::_Any_data&) [with _Functor = trackle::protocol::Properties::handle_property_call(trackle::protocol::token_t, trackle::protocol::message_id_t, trackle::protocol::Message&, trackle::protocol::MessageChannel&, int (*)(const char*, const char*, const char*, TrackleDescriptor::FunctionResultCallback, void*))::<lambda(const void*, TrackleReturnType::Enum)>]	16	static
/Applications/STM32CubeIDE.app/Contents/Eclipse/plugins/com.st.stm32cube.ide.mcu.externaltools.gnu-tools-for-stm32.10.3-2021.10.macos64_1.0.100.202210260954/tools/arm-none-eabi/include/c++/10.3.1/bits/invoke.h:59:5:) [with _Res = trackle::protocol::ProtocolError; _Fn = trackle::protocol::Properties::handle_property_call(trackle::protocol::token_t, trackle::protocol::message_id_t, trackle::protocol::Message&, trackle::protocol::MessageChannel&, int (*)(const char*, const char*, const char*, TrackleDescriptor::FunctionResultCallback, void*))::<lambda(const void*, TrackleReturnType::Enum)>&; _Args = {const void*, TrackleReturnType::Enum}]	32	static
/Applications/STM32CubeIDE.app/Contents/Eclipse/plugins/com.st.stm32cube.ide.mcu.externaltools.gnu-tools-for-stm32.10.3-2021.10.macos64_1.0.100.202210260954/tools/arm-none-eabi/include/c++/10.3.1/bits/move.h:76:5:constexpr _Tp&& std::forward(typename std::remove_reference<_Tp>::type&) [with _Tp = trackle::protocol::Properties::handle_property_call(trackle::protocol::token_t, trackle::protocol::message_id_t, trackle::protocol::Message&, trackle::protocol::MessageChannel&, int (*)(const char*, const char*, const char*, TrackleDescriptor::FunctionResultCallback, void*))::<lambda(const void*, TrackleReturnType::Enum)>&]	16	static
/Applications/STM32CubeIDE.app/Contents/Eclipse/plugins/com.st.stm32cube.ide.mcu.externaltools.gnu-tools-for-stm32.10.3-2021.10.macos64_1.0.100.202210260954/tools/arm-none-eabi/include/c++/10.3.1/bits/invoke.h:136:5:) [with _Res = bool; _Callable = trackle::protocol::Properties::handle_property_call(trackle::protocol::token_t, trackle::protocol::message_id_t, trackle::protocol::Message&, trackle::protocol::MessageChannel&, int (*)(const char*, const char*, const char*, TrackleDescriptor::FunctionResultCallback, void*))::<lambda(const void*, TrackleReturnType::Enum)>&; _Args = {const void*, TrackleReturnType::Enum}]	40	static
/Applications/STM32CubeIDE.app/Contents/Eclipse/plugins/com.st.stm32cube.ide.mcu.externaltools.gnu-tools-for-stm32.10.3-2021.10.macos64_1.0.100.202210260954/tools/arm-none-eabi/include/c++/10.3.1/bits/std_function.h:92:7:_Tp& std::_Any_data::_M_access() [with _Tp = trackle::protocol::Properties::handle_property_call(trackle::protocol::token_t, trackle::protocol::message_id_t, trackle::protocol::Message&, trackle::protocol::MessageChannel&, int (*)(const char*, const char*, const char*, TrackleDescriptor::FunctionResultCallback, void*))::<lambda(const void*, TrackleReturnType::Enum)>*]	16	static
/Applications/STM32CubeIDE.app/Contents/Eclipse/plugins/com.st.stm32cube.ide.mcu.externaltools.gnu-tools-for-stm32.10.3-2021.10.macos64_1.0.100.202210260954/tools/arm-none-eabi/include/c++/10.3.1/bits/std_function.h:181:2:static bool std::_Function_base::_Base_manager<_Functor>::_M_manager(std::_Any_data&, const std::_Any_data&, std::_Manager_operation) [with _Functor = trackle::protocol::Properties::handle_property_call(trackle::protocol::token_t, trackle::protocol::message_id_t, trackle::protocol::Message&, trackle::protocol::MessageChannel&, int (*)(const char*, const char*, const char*, TrackleDescriptor::FunctionResultCallback, void*))::<lambda(const void*, TrackleReturnType::Enum)>]	32	static
/Applications/STM32CubeIDE.app/Contents/Eclipse/plugins/com.st.stm32cube.ide.mcu.externaltools.gnu-tools-for-stm32.10.3-2021.10.macos64_1.0.100.202210260954/tools/arm-none-eabi/include/c++/10.3.1/bits/move.h:101:5:constexpr typename std::remove_reference<_Tp>::type&& std::move(_Tp&&) [with _Tp = trackle::CompletionHandlerMap<short unsigned int>::Handler&]	16	static
/Users/flavio/STM32CubeIDE/workspace_1.11.2/Trackle_nucleo_boilerplate/trackle-library/include/trackle_wiring_vector.h:213:21:static void trackle::Vector<T, AllocatorT>::move(T*, T*, T*) [with EnableT = trackle::CompletionHandlerMap<short unsigned int>::Handler; typename std::enable_if<(! std::is_trivially_copyable<EnableT>::value), int>::type <anonymous> = 0; T = trackle::CompletionHandlerMap<short unsigned int>::Handler; AllocatorT = trackle::DefaultAllocator]	32	static
/Applications/STM32CubeIDE.app/Contents/Eclipse/plugins/com.st.stm32cube.ide.mcu.externaltools.gnu-tools-for-stm32.10.3-2021.10.macos64_1.0.100.202210260954/tools/arm-none-eabi/include/c++/10.3.1/bits/std_function.h:97:7:const _Tp& std::_Any_data::_M_access() const [with _Tp = trackle::protocol::Functions::handle_function_call(trackle::protocol::token_t, trackle::protocol::message_id_t, trackle::protocol::Message&, trackle::protocol::MessageChannel&, int (*)(const char*, const char*, const char*, TrackleDescriptor::FunctionResultCallback, void*))::<lambda(const void*, TrackleReturnType::Enum)>*]	16	static
/Applications/STM32CubeIDE.app/Contents/Eclipse/plugins/com.st.stm32cube.ide.mcu.externaltools.gnu-tools-for-stm32.10.3-2021.10.macos64_1.0.100.202210260954/tools/arm-none-eabi/include/c++/10.3.1/bits/std_function.h:158:2:static void std::_Function_base::_Base_manager<_Functor>::_M_clone(std::_Any_data&, const std::_Any_data&, std::false_type) [with _Functor = trackle::protocol::Functions::handle_function_call(trackle::protocol::token_t, trackle::protocol::message_id_t, trackle::protocol::Message&, trackle::protocol::MessageChannel&, int (*)(const char*, const char*, const char*, TrackleDescriptor::FunctionResultCallback, void*))::<lambda(const void*, TrackleReturnType::Enum)>]	32	static
/Applications/STM32CubeIDE.app/Contents/Eclipse/plugins/com.st.stm32cube.ide.mcu.externaltools.gnu-tools-for-stm32.10.3-2021.10.macos64_1.0.100.202210260954/tools/arm-none-eabi/include/c++/10.3.1/bits/std_function.h:174:2:static void std::_Function_base::_Base_manager<_Functor>::_M_destroy(std::_Any_data&, std::false_type) [with _Functor = trackle::protocol::Functions::handle_function_call(trackle::protocol::token_t, trackle::protocol::message_id_t, trackle::protocol::Message&, trackle::protocol::MessageChannel&, int (*)(const char*, const char*, const char*, TrackleDescriptor::FunctionResultCallback, void*))::<lambda(const void*, TrackleReturnType::Enum)>]	16	static
/Applications/STM32CubeIDE.app/Contents/Eclipse/plugins/com.st.stm32cube.ide.mcu.externaltools.gnu-tools-for-stm32.10.3-2021.10.macos64_1.0.100.202210260954/tools/arm-none-eabi/include/c++/10.3.1/bits/std_function.h:97:7:const _Tp& std::_Any_data::_M_access() const [with _Tp = trackle::protocol::Properties::handle_property_call(trackle::protocol::token_t, trackle::protocol::message_id_t, trackle::protocol::Message&, trackle::protocol::MessageChannel&, int (*)(const char*, const char*, const char*, TrackleDescriptor::FunctionResultCallback, void*))::<lambda(const void*, TrackleReturnType::Enum)>*]	16	static
/Applications/STM32CubeIDE.app/Contents/Eclipse/plugins/com.st.stm32cube.ide.mcu.externaltools.gnu-tools-for-stm32.10.3-2021.10.macos64_1.0.100.202210260954/tools/arm-none-eabi/include/c++/10.3.1/bits/std_function.h:158:2:static void std::_Function_base::_Base_manager<_Functor>::_M_clone(std::_Any_data&, const std::_Any_data&, std::false_type) [with _Functor = trackle::protocol::Properties::handle_property_call(trackle::protocol::token_t, trackle::protocol::message_id_t, trackle::protocol::Message&, trackle::protocol::MessageChannel&, int (*)(const char*, const char*, const char*, TrackleDescriptor::FunctionResultCallback, void*))::<lambda(const void*, TrackleReturnType::Enum)>]	32	static
/Applications/STM32CubeIDE.app/Contents/Eclipse/plugins/com.st.stm32cube.ide.mcu.externaltools.gnu-tools-for-stm32.10.3-2021.10.macos64_1.0.100.202210260954/tools/arm-none-eabi/include/c++/10.3.1/bits/std_function.h:174:2:static void std::_Function_base::_Base_manager<_Functor>::_M_destroy(std::_Any_data&, std::false_type) [with _Functor = trackle::protocol::Properties::handle_property_call(trackle::protocol::token_t, trackle::protocol::message_id_t, trackle::protocol::Message&, trackle::protocol::MessageChannel&, int (*)(const char*, const char*, const char*, TrackleDescriptor::FunctionResultCallback, void*))::<lambda(const void*, TrackleReturnType::Enum)>]	16	static
/Applications/STM32CubeIDE.app/Contents/Eclipse/plugins/com.st.stm32cube.ide.mcu.externaltools.gnu-tools-for-stm32.10.3-2021.10.macos64_1.0.100.202210260954/tools/arm-none-eabi/include/c++/10.3.1/bits/std_function.h:97:7:const _Tp& std::_Any_data::_M_access() const [with _Tp = const trackle::protocol::Functions::handle_function_call(trackle::protocol::token_t, trackle::protocol::message_id_t, trackle::protocol::Message&, trackle::protocol::MessageChannel&, int (*)(const char*, const char*, const char*, TrackleDescriptor::FunctionResultCallback, void*))::<lambda(const void*, TrackleReturnType::Enum)>*]	16	static
/Applications/STM32CubeIDE.app/Contents/Eclipse/plugins/com.st.stm32cube.ide.mcu.externaltools.gnu-tools-for-stm32.10.3-2021.10.macos64_1.0.100.202210260954/tools/arm-none-eabi/include/c++/10.3.1/bits/std_function.h:97:7:const _Tp& std::_Any_data::_M_access() const [with _Tp = const trackle::protocol::Properties::handle_property_call(trackle::protocol::token_t, trackle::protocol::message_id_t, trackle::protocol::Message&, trackle::protocol::MessageChannel&, int (*)(const char*, const char*, const char*, TrackleDescriptor::FunctionResultCallback, void*))::<lambda(const void*, TrackleReturnType::Enum)>*]	16	static
../trackle-library/src/protocol.cpp:684:1:void __static_initialization_and_destruction_0(int, int)	16	static
../trackle-library/src/protocol.cpp:684:1:cpp)	8	static
../trackle-library/src/protocol.cpp:684:1:cpp)	8	static
