/Applications/STM32CubeIDE.app/Contents/Eclipse/plugins/com.st.stm32cube.ide.mcu.externaltools.gnu-tools-for-stm32.10.3-2021.10.macos64_1.0.100.202210260954/tools/arm-none-eabi/include/c++/10.3.1/new:174:33:void* operator new(std::size_t, void*)	16	static
/Applications/STM32CubeIDE.app/Contents/Eclipse/plugins/com.st.stm32cube.ide.mcu.externaltools.gnu-tools-for-stm32.10.3-2021.10.macos64_1.0.100.202210260954/tools/arm-none-eabi/include/c++/10.3.1/arm-none-eabi/thumb/v7-m/nofp/bits/gthr-default.h:229:1:int __gthread_key_delete(__gthread_key_t)	16	static
/Users/flavio/STM32CubeIDE/workspace_1.11.2/Trackle_nucleo_boilerplate/trackle-library/include/trackle_wiring_vector.h:295:14:static void* trackle::DefaultAllocator::malloc(size_t)	16	static
/Users/flavio/STM32CubeIDE/workspace_1.11.2/Trackle_nucleo_boilerplate/trackle-library/include/trackle_wiring_vector.h:305:13:static void trackle::DefaultAllocator::free(void*)	16	static
/Users/flavio/STM32CubeIDE/workspace_1.11.2/Trackle_nucleo_boilerplate/trackle-library/include/completion_handler.h:58:9:trackle::CompletionHandler::CompletionHandler(trackle::CompletionHandler&&)	16	static
/Users/flavio/STM32CubeIDE/workspace_1.11.2/Trackle_nucleo_boilerplate/trackle-library/include/completion_handler.h:64:9:trackle::CompletionHandler::~CompletionHandler()	16	static
/Users/flavio/STM32CubeIDE/workspace_1.11.2/Trackle_nucleo_boilerplate/trackle-library/include/completion_handler.h:82:14:void trackle::CompletionHandler::setError(int, const char*)	32	static
/Users/flavio/STM32CubeIDE/workspace_1.11.2/Trackle_nucleo_boilerplate/trackle-library/include/completion_handler.h:105:9:trackle::CompletionHandler::operator bool() const	16	static
/Users/flavio/STM32CubeIDE/workspace_1.11.2/Trackle_nucleo_boilerplate/trackle-library/include/protocol.h:370:9:void trackle::protocol::Protocol::add_ack_handler(trackle::protocol::message_id_t, trackle::CompletionHandler, unsigned int)	32	static
../trackle-library/src/publisher.cpp:5:6:void trackle::protocol::Publisher::add_ack_handler(trackle::protocol::message_id_t, trackle::CompletionHandler)	40	static
/Applications/STM32CubeIDE.app/Contents/Eclipse/plugins/com.st.stm32cube.ide.mcu.externaltools.gnu-tools-for-stm32.10.3-2021.10.macos64_1.0.100.202210260954/tools/arm-none-eabi/include/c++/10.3.1/bits/move.h:101:5:constexpr typename std::remove_reference<_Tp>::type&& std::move(_Tp&&) [with _Tp = trackle::CompletionHandler&]	16	static
/Users/flavio/STM32CubeIDE/workspace_1.11.2/Trackle_nucleo_boilerplate/trackle-library/include/completion_handler.h:438:16:trackle::CompletionHandlerMap<short unsigned int>::Handler::~Handler()	16	static
/Users/flavio/STM32CubeIDE/workspace_1.11.2/Trackle_nucleo_boilerplate/trackle-library/include/completion_handler.h:438:16:trackle::CompletionHandlerMap<short unsigned int>::Handler::Handler(trackle::CompletionHandlerMap<short unsigned int>::Handler&&)	16	static
/Users/flavio/STM32CubeIDE/workspace_1.11.2/Trackle_nucleo_boilerplate/trackle-library/include/completion_handler.h:292:14:bool trackle::CompletionHandlerMap<KeyT>::addHandler(const KeyT&, trackle::CompletionHandler&&, system_tick_t) [with KeyT = short unsigned int]	64	static
/Users/flavio/STM32CubeIDE/workspace_1.11.2/Trackle_nucleo_boilerplate/trackle-library/include/completion_handler.h:444:13:trackle::CompletionHandlerMap<KeyT>::Handler::Handler(KeyT, trackle::CompletionHandler, system_tick_t) [with KeyT = short unsigned int]	32	static
/Users/flavio/STM32CubeIDE/workspace_1.11.2/Trackle_nucleo_boilerplate/trackle-library/include/trackle_wiring_vector.h:383:13:bool trackle::Vector<T, AllocatorT>::append(T) [with T = trackle::CompletionHandlerMap<short unsigned int>::Handler; AllocatorT = trackle::DefaultAllocator]	40	static
/Applications/STM32CubeIDE.app/Contents/Eclipse/plugins/com.st.stm32cube.ide.mcu.externaltools.gnu-tools-for-stm32.10.3-2021.10.macos64_1.0.100.202210260954/tools/arm-none-eabi/include/c++/10.3.1/bits/move.h:101:5:constexpr typename std::remove_reference<_Tp>::type&& std::move(_Tp&&) [with _Tp = short unsigned int&]	16	static
/Applications/STM32CubeIDE.app/Contents/Eclipse/plugins/com.st.stm32cube.ide.mcu.externaltools.gnu-tools-for-stm32.10.3-2021.10.macos64_1.0.100.202210260954/tools/arm-none-eabi/include/c++/10.3.1/bits/move.h:101:5:constexpr typename std::remove_reference<_Tp>::type&& std::move(_Tp&&) [with _Tp = trackle::CompletionHandlerMap<short unsigned int>::Handler&]	16	static
/Users/flavio/STM32CubeIDE/workspace_1.11.2/Trackle_nucleo_boilerplate/trackle-library/include/trackle_wiring_vector.h:431:13:bool trackle::Vector<T, AllocatorT>::insert(int, T) [with T = trackle::CompletionHandlerMap<short unsigned int>::Handler; AllocatorT = trackle::DefaultAllocator]	40	static
/Users/flavio/STM32CubeIDE/workspace_1.11.2/Trackle_nucleo_boilerplate/trackle-library/include/trackle_wiring_vector.h:162:14:bool trackle::Vector<T, AllocatorT>::realloc(int) [with EnableT = trackle::CompletionHandlerMap<short unsigned int>::Handler; typename std::enable_if<(! std::is_trivially_copyable<EnableT>::value), int>::type <anonymous> = 0; T = trackle::CompletionHandlerMap<short unsigned int>::Handler; AllocatorT = trackle::DefaultAllocator]	24	static
/Users/flavio/STM32CubeIDE/workspace_1.11.2/Trackle_nucleo_boilerplate/trackle-library/include/trackle_wiring_vector.h:213:21:static void trackle::Vector<T, AllocatorT>::move(T*, T*, T*) [with EnableT = trackle::CompletionHandlerMap<short unsigned int>::Handler; typename std::enable_if<(! std::is_trivially_copyable<EnableT>::value), int>::type <anonymous> = 0; T = trackle::CompletionHandlerMap<short unsigned int>::Handler; AllocatorT = trackle::DefaultAllocator]	32	static
../trackle-library/src/publisher.cpp:8:1:void __static_initialization_and_destruction_0(int, int)	16	static
../trackle-library/src/publisher.cpp:8:1:cpp)	8	static
../trackle-library/src/publisher.cpp:8:1:cpp)	8	static
