/Applications/STM32CubeIDE.app/Contents/Eclipse/plugins/com.st.stm32cube.ide.mcu.externaltools.gnu-tools-for-stm32.10.3-2021.10.macos64_1.0.100.202210260954/tools/arm-none-eabi/include/c++/10.3.1/type_traits:62:17:constexpr std::integral_constant<_Tp, __v>::operator std::integral_constant<_Tp, __v>::value_type() const [with _Tp = bool; _Tp __v = true]	16	static
/Users/flavio/STM32CubeIDE/workspace_1.11.2/Trackle_nucleo_boilerplate/trackle-library/include/events.h:58:15:EventType::Enum EventType::extract_event_type(uint32_t&)	24	static
/Applications/STM32CubeIDE.app/Contents/Eclipse/plugins/com.st.stm32cube.ide.mcu.externaltools.gnu-tools-for-stm32.10.3-2021.10.macos64_1.0.100.202210260954/tools/arm-none-eabi/include/c++/10.3.1/arm-none-eabi/thumb/v7-m/nofp/bits/gthr-default.h:229:1:int __gthread_key_delete(__gthread_key_t)	16	static
/Applications/STM32CubeIDE.app/Contents/Eclipse/plugins/com.st.stm32cube.ide.mcu.externaltools.gnu-tools-for-stm32.10.3-2021.10.macos64_1.0.100.202210260954/tools/arm-none-eabi/include/c++/10.3.1/bits/basic_string.h:6609:3:std::string std::__cxx11::to_string(int)	40	static
/Users/flavio/STM32CubeIDE/workspace_1.11.2/Trackle_nucleo_boilerplate/trackle-library/include/completion_handler.h:53:18:trackle::CompletionHandler::CompletionHandler(completion_callback, void*)	24	static
/Users/flavio/STM32CubeIDE/workspace_1.11.2/Trackle_nucleo_boilerplate/trackle-library/include/completion_handler.h:58:9:trackle::CompletionHandler::CompletionHandler(trackle::CompletionHandler&&)	16	static
/Users/flavio/STM32CubeIDE/workspace_1.11.2/Trackle_nucleo_boilerplate/trackle-library/include/completion_handler.h:64:9:trackle::CompletionHandler::~CompletionHandler()	16	static
/Users/flavio/STM32CubeIDE/workspace_1.11.2/Trackle_nucleo_boilerplate/trackle-library/include/completion_handler.h:76:14:void trackle::CompletionHandler::setResult()	24	static
/Users/flavio/STM32CubeIDE/workspace_1.11.2/Trackle_nucleo_boilerplate/trackle-library/include/completion_handler.h:82:14:void trackle::CompletionHandler::setError(int, const char*)	32	static
/Users/flavio/STM32CubeIDE/workspace_1.11.2/Trackle_nucleo_boilerplate/trackle-library/include/completion_handler.h:91:28:trackle::CompletionHandler& trackle::CompletionHandler::operator=(trackle::CompletionHandler&&)	16	static
/Users/flavio/STM32CubeIDE/workspace_1.11.2/Trackle_nucleo_boilerplate/trackle-library/include/completion_handler.h:114:14:void trackle::CompletionHandler::setResult(const void*)	24	static
../trackle-library/src/trackle_protocol_functions.cpp:14:6:void default_random_seed_from_cloud(unsigned int)	16	static
../trackle-library/src/trackle_protocol_functions.cpp:19:5:int trackle_protocol_to_system_error(int)	16	static
/Users/flavio/STM32CubeIDE/workspace_1.11.2/Trackle_nucleo_boilerplate/trackle-library/include/message_channel.h:66:4:trackle::protocol::Message::Message()	16	static
/Users/flavio/STM32CubeIDE/workspace_1.11.2/Trackle_nucleo_boilerplate/trackle-library/include/message_channel.h:68:4:trackle::protocol::Message::Message(uint8_t*, size_t, size_t)	24	static
/Users/flavio/STM32CubeIDE/workspace_1.11.2/Trackle_nucleo_boilerplate/trackle-library/include/message_channel.h:73:13:uint8_t* trackle::protocol::Message::buf() const	16	static
/Users/flavio/STM32CubeIDE/workspace_1.11.2/Trackle_nucleo_boilerplate/trackle-library/include/message_channel.h:76:9:void trackle::protocol::Message::set_length(size_t)	16	static
/Users/flavio/STM32CubeIDE/workspace_1.11.2/Trackle_nucleo_boilerplate/trackle-library/include/message_channel.h:89:9:bool trackle::protocol::Message::has_id()	16	static
/Users/flavio/STM32CubeIDE/workspace_1.11.2/Trackle_nucleo_boilerplate/trackle-library/include/message_channel.h:90:17:trackle::protocol::message_id_t trackle::protocol::Message::get_id()	16	static
/Users/flavio/STM32CubeIDE/workspace_1.11.2/Trackle_nucleo_boilerplate/trackle-library/include/chunked_transfer.h:150:9:bool trackle::protocol::ChunkedTransfer::is_updating()	16	static
/Users/flavio/STM32CubeIDE/workspace_1.11.2/Trackle_nucleo_boilerplate/trackle-library/include/publisher.h:44:16:bool trackle::protocol::Publisher::is_system(const char*)	16	static
/Users/flavio/STM32CubeIDE/workspace_1.11.2/Trackle_nucleo_boilerplate/trackle-library/include/publisher.h:49:9:bool trackle::protocol::Publisher::is_rate_limited(bool, system_tick_t)	32	static
/Users/flavio/STM32CubeIDE/workspace_1.11.2/Trackle_nucleo_boilerplate/trackle-library/include/publisher.h:89:18:trackle::protocol::ProtocolError trackle::protocol::Publisher::send_event(trackle::protocol::MessageChannel&, const char*, const char*, int, EventType::Enum, int, system_tick_t, trackle::CompletionHandler)	88	static
/Users/flavio/STM32CubeIDE/workspace_1.11.2/Trackle_nucleo_boilerplate/trackle-library/include/subscriptions.h:42:18:trackle::protocol::ProtocolError trackle::protocol::Subscriptions::send_subscription(trackle::protocol::MessageChannel&, const char*, const char*, SubscriptionScope::Enum)	56	static
/Users/flavio/STM32CubeIDE/workspace_1.11.2/Trackle_nucleo_boilerplate/trackle-library/include/subscriptions.h:56:25:trackle::protocol::ProtocolError trackle::protocol::Subscriptions::send_subscription(trackle::protocol::MessageChannel&, const FilteringEventHandler&)	32	static
/Users/flavio/STM32CubeIDE/workspace_1.11.2/Trackle_nucleo_boilerplate/trackle-library/include/subscriptions.h:220:9:void trackle::protocol::Subscriptions::remove_event_handlers(const char*)	32	static
/Users/flavio/STM32CubeIDE/workspace_1.11.2/Trackle_nucleo_boilerplate/trackle-library/include/subscriptions.h:254:9:bool trackle::protocol::Subscriptions::event_handler_exists(const char*, EventHandler, void*, SubscriptionScope::Enum, const char*)	48	static
/Users/flavio/STM32CubeIDE/workspace_1.11.2/Trackle_nucleo_boilerplate/trackle-library/include/subscriptions.h:282:18:trackle::protocol::ProtocolError trackle::protocol::Subscriptions::add_event_handler(const char*, EventHandler, void*, SubscriptionScope::Enum, const char*)	56	static
/Users/flavio/STM32CubeIDE/workspace_1.11.2/Trackle_nucleo_boilerplate/trackle-library/include/subscriptions.h:313:37:trackle::protocol::Subscriptions::send_subscriptions(trackle::protocol::MessageChannel&)::<lambda(const FilteringEventHandler&)>	16	static
/Users/flavio/STM32CubeIDE/workspace_1.11.2/Trackle_nucleo_boilerplate/trackle-library/include/subscriptions.h:311:25:trackle::protocol::ProtocolError trackle::protocol::Subscriptions::send_subscriptions(trackle::protocol::MessageChannel&)	32	static
/Users/flavio/STM32CubeIDE/workspace_1.11.2/Trackle_nucleo_boilerplate/trackle-library/include/subscriptions.h:322:25:trackle::protocol::ProtocolError trackle::protocol::Subscriptions::send_subscription(trackle::protocol::MessageChannel&, const char*, const char*)	32	static
/Users/flavio/STM32CubeIDE/workspace_1.11.2/Trackle_nucleo_boilerplate/trackle-library/include/subscriptions.h:327:25:trackle::protocol::ProtocolError trackle::protocol::Subscriptions::send_subscription(trackle::protocol::MessageChannel&, const char*, SubscriptionScope::Enum)	32	static
/Users/flavio/STM32CubeIDE/workspace_1.11.2/Trackle_nucleo_boilerplate/trackle-library/include/timesyncmanager.h:73:18:bool trackle::protocol::TimeSyncManager::is_request_pending() const	16	static
/Users/flavio/STM32CubeIDE/workspace_1.11.2/Trackle_nucleo_boilerplate/trackle-library/include/timesyncmanager.h:78:27:system_tick_t trackle::protocol::TimeSyncManager::last_sync(time_t&) const	16	static
/Users/flavio/STM32CubeIDE/workspace_1.11.2/Trackle_nucleo_boilerplate/trackle-library/include/protocol.h:203:12:uint8_t trackle::protocol::Protocol::next_token()	16	static
/Users/flavio/STM32CubeIDE/workspace_1.11.2/Trackle_nucleo_boilerplate/trackle-library/include/protocol.h:365:9:void trackle::protocol::Protocol::set_handlers(CommunicationsHandlers&)	16	static
/Users/flavio/STM32CubeIDE/workspace_1.11.2/Trackle_nucleo_boilerplate/trackle-library/include/protocol.h:407:9:bool trackle::protocol::Protocol::event_loop()	24	static
/Users/flavio/STM32CubeIDE/workspace_1.11.2/Trackle_nucleo_boilerplate/trackle-library/include/protocol.h:429:9:bool trackle::protocol::Protocol::send_event(const char*, const char*, int, EventType::Enum, int, trackle::CompletionHandler)	80	static
/Users/flavio/STM32CubeIDE/workspace_1.11.2/Trackle_nucleo_boilerplate/trackle-library/include/protocol.h:447:16:bool trackle::protocol::Protocol::send_subscription(const char*, const char*)	32	static
/Users/flavio/STM32CubeIDE/workspace_1.11.2/Trackle_nucleo_boilerplate/trackle-library/include/protocol.h:455:16:bool trackle::protocol::Protocol::send_subscription(const char*, SubscriptionScope::Enum)	32	static
/Users/flavio/STM32CubeIDE/workspace_1.11.2/Trackle_nucleo_boilerplate/trackle-library/include/protocol.h:472:16:bool trackle::protocol::Protocol::add_event_handler(const char*, EventHandler, void*, SubscriptionScope::Enum, const char*)	32	static
/Users/flavio/STM32CubeIDE/workspace_1.11.2/Trackle_nucleo_boilerplate/trackle-library/include/protocol.h:479:16:bool trackle::protocol::Protocol::send_subscriptions()	24	static
/Users/flavio/STM32CubeIDE/workspace_1.11.2/Trackle_nucleo_boilerplate/trackle-library/include/protocol.h:487:16:bool trackle::protocol::Protocol::remove_event_handlers(const char*)	16	static
/Users/flavio/STM32CubeIDE/workspace_1.11.2/Trackle_nucleo_boilerplate/trackle-library/include/protocol.h:493:16:void trackle::protocol::Protocol::set_product_id(product_id_t)	16	static
/Users/flavio/STM32CubeIDE/workspace_1.11.2/Trackle_nucleo_boilerplate/trackle-library/include/protocol.h:498:16:void trackle::protocol::Protocol::set_product_firmware_version(product_firmware_version_t)	16	static
/Users/flavio/STM32CubeIDE/workspace_1.11.2/Trackle_nucleo_boilerplate/trackle-library/include/protocol.h:504:16:void trackle::protocol::Protocol::get_product_details(product_details_t&)	16	static
/Users/flavio/STM32CubeIDE/workspace_1.11.2/Trackle_nucleo_boilerplate/trackle-library/include/protocol.h:520:55:trackle::protocol::Protocol::send_time_request()::<lambda()>	48	static
/Users/flavio/STM32CubeIDE/workspace_1.11.2/Trackle_nucleo_boilerplate/trackle-library/include/protocol.h:513:16:bool trackle::protocol::Protocol::send_time_request()	24	static
/Users/flavio/STM32CubeIDE/workspace_1.11.2/Trackle_nucleo_boilerplate/trackle-library/include/protocol.h:530:9:bool trackle::protocol::Protocol::time_request_pending() const	16	static
/Users/flavio/STM32CubeIDE/workspace_1.11.2/Trackle_nucleo_boilerplate/trackle-library/include/protocol.h:534:18:system_tick_t trackle::protocol::Protocol::time_last_synced(time_t*) const	16	static
/Users/flavio/STM32CubeIDE/workspace_1.11.2/Trackle_nucleo_boilerplate/trackle-library/include/protocol.h:539:9:bool trackle::protocol::Protocol::is_initialized()	16	static
/Users/flavio/STM32CubeIDE/workspace_1.11.2/Trackle_nucleo_boilerplate/trackle-library/include/protocol.h:544:8:int trackle::protocol::Protocol::presence_announcement(uint8_t*, const uint8_t*)	24	static
../trackle-library/src/trackle_protocol_functions.cpp:27:6:void trackle_protocol_communications_handlers(ProtocolFacade*, CommunicationsHandlers*)	16	static
../trackle-library/src/trackle_protocol_functions.cpp:33:6:void trackle_protocol_init(ProtocolFacade*, const char*, const TrackleKeys&, const TrackleCallbacks&, const TrackleDescriptor&, const trackle::protocol::Connection_Properties_Type&, void*)	40	static
../trackle-library/src/trackle_protocol_functions.cpp:45:5:int trackle_protocol_handshake(ProtocolFacade*, void*)	16	static
../trackle-library/src/trackle_protocol_functions.cpp:51:6:bool trackle_protocol_event_loop(ProtocolFacade*, void*)	16	static
../trackle-library/src/trackle_protocol_functions.cpp:57:6:bool trackle_protocol_is_initialized(ProtocolFacade*)	16	static
../trackle-library/src/trackle_protocol_functions.cpp:63:5:int trackle_protocol_presence_announcement(ProtocolFacade*, uint8_t*, const uint8_t*, void*)	24	static
../trackle-library/src/trackle_protocol_functions.cpp:69:5:int trackle_protocol_post_description(ProtocolFacade*, int, void*)	24	static
../trackle-library/src/trackle_protocol_functions.cpp:76:6:bool trackle_protocol_send_event(ProtocolFacade*, const char*, const char*, int, uint32_t, void*)	80	static
../trackle-library/src/trackle_protocol_functions.cpp:90:6:bool trackle_protocol_send_subscription_device(ProtocolFacade*, const char*, const char*, void*)	24	static
../trackle-library/src/trackle_protocol_functions.cpp:96:6:bool trackle_protocol_send_subscription_scope(ProtocolFacade*, const char*, SubscriptionScope::Enum, void*)	24	static
../trackle-library/src/trackle_protocol_functions.cpp:102:6:bool trackle_protocol_add_event_handler(ProtocolFacade*, const char*, EventHandler, SubscriptionScope::Enum, const char*, void*)	32	static
../trackle-library/src/trackle_protocol_functions.cpp:109:6:bool trackle_protocol_send_time_request(ProtocolFacade*, void*)	16	static
../trackle-library/src/trackle_protocol_functions.cpp:116:6:void trackle_protocol_send_subscriptions(ProtocolFacade*, void*)	16	static
../trackle-library/src/trackle_protocol_functions.cpp:123:6:void trackle_protocol_remove_event_handlers(ProtocolFacade*, const char*, void*)	24	static
../trackle-library/src/trackle_protocol_functions.cpp:130:6:void trackle_protocol_set_product_id(ProtocolFacade*, product_id_t, unsigned int, void*)	24	static
../trackle-library/src/trackle_protocol_functions.cpp:136:6:void trackle_protocol_set_product_firmware_version(ProtocolFacade*, product_firmware_version_t, unsigned int, void*)	24	static
../trackle-library/src/trackle_protocol_functions.cpp:142:6:void trackle_protocol_get_product_details(ProtocolFacade*, product_details_t*, void*)	24	static
../trackle-library/src/trackle_protocol_functions.cpp:164:5:int trackle_protocol_command(ProtocolFacade*, ProtocolCommands::Enum, uint32_t, void*)	24	static
../trackle-library/src/trackle_protocol_functions.cpp:170:6:bool trackle_protocol_time_request_pending(ProtocolFacade*, void*)	16	static
../trackle-library/src/trackle_protocol_functions.cpp:175:15:system_tick_t trackle_protocol_time_last_synced(ProtocolFacade*, time_t*, void*)	24	static
../trackle-library/src/trackle_protocol_functions.cpp:181:5:int trackle_protocol_get_describe_data(ProtocolFacade*, trackle_protocol_describe_data*, void*)	24	static
../trackle-library/src/trackle_protocol_functions.cpp:186:5:int trackle_protocol_get_status(ProtocolFacade*, protocol_status*, void*)	24	static
/Applications/STM32CubeIDE.app/Contents/Eclipse/plugins/com.st.stm32cube.ide.mcu.externaltools.gnu-tools-for-stm32.10.3-2021.10.macos64_1.0.100.202210260954/tools/arm-none-eabi/include/c++/10.3.1/bits/charconv.h:47:5:constexpr unsigned int std::__detail::__to_chars_len(_Tp, int) [with _Tp = unsigned int]	32	static
/Applications/STM32CubeIDE.app/Contents/Eclipse/plugins/com.st.stm32cube.ide.mcu.externaltools.gnu-tools-for-stm32.10.3-2021.10.macos64_1.0.100.202210260954/tools/arm-none-eabi/include/c++/10.3.1/bits/charconv.h:72:5:void std::__detail::__to_chars_10_impl(char*, unsigned int, _Tp) [with _Tp = unsigned int]	40	static
/Applications/STM32CubeIDE.app/Contents/Eclipse/plugins/com.st.stm32cube.ide.mcu.externaltools.gnu-tools-for-stm32.10.3-2021.10.macos64_1.0.100.202210260954/tools/arm-none-eabi/include/c++/10.3.1/bits/basic_string.h:6121:5:std::__cxx11::basic_string<_CharT, _Traits, _Alloc> std::operator+(std::__cxx11::basic_string<_CharT, _Traits, _Alloc>&&, std::__cxx11::basic_string<_CharT, _Traits, _Alloc>&&) [with _CharT = char; _Traits = std::char_traits<char>; _Alloc = std::allocator<char>]	56	static
/Users/flavio/STM32CubeIDE/workspace_1.11.2/Trackle_nucleo_boilerplate/trackle-library/include/completion_handler.h:71:14:void trackle::CompletionHandler::setResult(const T&) [with T = std::nullptr_t]	16	static
/Applications/STM32CubeIDE.app/Contents/Eclipse/plugins/com.st.stm32cube.ide.mcu.externaltools.gnu-tools-for-stm32.10.3-2021.10.macos64_1.0.100.202210260954/tools/arm-none-eabi/include/c++/10.3.1/bits/move.h:101:5:constexpr typename std::remove_reference<_Tp>::type&& std::move(_Tp&&) [with _Tp = trackle::CompletionHandler&]	16	static
/Users/flavio/STM32CubeIDE/workspace_1.11.2/Trackle_nucleo_boilerplate/trackle-library/include/subscriptions.h:204:18:trackle::protocol::ProtocolError trackle::protocol::Subscriptions::for_each(F) [with F = trackle::protocol::Subscriptions::send_subscriptions(trackle::protocol::MessageChannel&)::<lambda(const FilteringEventHandler&)>]	40	static
/Users/flavio/STM32CubeIDE/workspace_1.11.2/Trackle_nucleo_boilerplate/trackle-library/include/timesyncmanager.h:49:18:bool trackle::protocol::TimeSyncManager::send_request(system_tick_t, Callback) [with Callback = trackle::protocol::Protocol::send_time_request()::<lambda()>]	304	static
/Applications/STM32CubeIDE.app/Contents/Eclipse/plugins/com.st.stm32cube.ide.mcu.externaltools.gnu-tools-for-stm32.10.3-2021.10.macos64_1.0.100.202210260954/tools/arm-none-eabi/include/c++/10.3.1/bits/allocator.h:212:7:bool std::operator==(const std::allocator<char>&, const std::allocator<char>&)	16	static
/Applications/STM32CubeIDE.app/Contents/Eclipse/plugins/com.st.stm32cube.ide.mcu.externaltools.gnu-tools-for-stm32.10.3-2021.10.macos64_1.0.100.202210260954/tools/arm-none-eabi/include/c++/10.3.1/bits/move.h:101:5:constexpr typename std::remove_reference<_Tp>::type&& std::move(_Tp&&) [with _Tp = std::__cxx11::basic_string<char>&]	16	static
../trackle-library/src/trackle_protocol_functions.cpp:190:1:void __static_initialization_and_destruction_0(int, int)	16	static
../trackle-library/src/trackle_protocol_functions.cpp:190:1:cpp)	8	static
../trackle-library/src/trackle_protocol_functions.cpp:190:1:cpp)	8	static
