../trackle-library/lib/tinydtls/numeric.h:32:19:dtls_int_to_uint8	16	static
../trackle-library/lib/tinydtls/numeric.h:38:19:dtls_int_to_uint16	16	static
../trackle-library/lib/tinydtls/numeric.h:53:19:dtls_int_to_uint32	16	static
../trackle-library/lib/tinydtls/numeric.h:104:24:dtls_uint32_to_int	16	static
../trackle-library/lib/tinydtls/hmac.h:67:1:dtls_hash_init	16	static
../trackle-library/lib/tinydtls/hmac.h:72:1:dtls_hash_update	24	static
../trackle-library/lib/tinydtls/hmac.h:77:1:dtls_hash_finalize	16	static
../trackle-library/lib/tinydtls/crypto.c:75:38:dtls_cipher_context_get	4	static
../trackle-library/lib/tinydtls/crypto.c:81:13:dtls_cipher_context_release	4	static
../trackle-library/lib/tinydtls/crypto.c:87:6:crypto_init	8	static
../trackle-library/lib/tinydtls/crypto.c:92:37:dtls_handshake_malloc	8	static
../trackle-library/lib/tinydtls/crypto.c:96:13:dtls_handshake_dealloc	16	static
../trackle-library/lib/tinydtls/crypto.c:100:36:dtls_security_malloc	8	static
../trackle-library/lib/tinydtls/crypto.c:104:13:dtls_security_dealloc	16	static
../trackle-library/lib/tinydtls/crypto.c:161:30:dtls_handshake_new	16	static
../trackle-library/lib/tinydtls/crypto.c:182:6:dtls_handshake_free	16	static
../trackle-library/lib/tinydtls/crypto.c:191:29:dtls_security_new	16	static
../trackle-library/lib/tinydtls/crypto.c:209:6:dtls_security_free	16	static
../trackle-library/lib/tinydtls/crypto.c:218:1:dtls_p_hash	264	static
../trackle-library/lib/tinydtls/crypto.c:275:1:dtls_prf	56	static
../trackle-library/lib/tinydtls/crypto.c:292:1:dtls_mac	32	static
../trackle-library/lib/tinydtls/crypto.c:309:1:dtls_ccm_encrypt	48	static
../trackle-library/lib/tinydtls/crypto.c:328:1:dtls_ccm_decrypt	48	static
../trackle-library/lib/tinydtls/crypto.c:348:1:dtls_psk_pre_master_secret	32	static
../trackle-library/lib/tinydtls/crypto.c:372:13:dtls_ec_key_to_uint32	32	static
../trackle-library/lib/tinydtls/crypto.c:382:13:dtls_ec_key_from_uint32	32	static
../trackle-library/lib/tinydtls/crypto.c:401:5:dtls_ec_key_asn1_from_uint32	32	static
../trackle-library/lib/tinydtls/crypto.c:448:5:dtls_ecdh_pre_master_secret	128	static
../trackle-library/lib/tinydtls/crypto.c:470:1:dtls_ecdsa_generate_key	128	static
../trackle-library/lib/tinydtls/crypto.c:486:1:dtls_ecdsa_create_sig_hash	104	static
../trackle-library/lib/tinydtls/crypto.c:508:1:dtls_ecdsa_create_sig	168	static
../trackle-library/lib/tinydtls/crypto.c:528:1:dtls_ecdsa_verify_sig_hash	192	static
../trackle-library/lib/tinydtls/crypto.c:557:1:dtls_ecdsa_verify_sig	176	static
../trackle-library/lib/tinydtls/crypto.c:578:1:dtls_encrypt_params	48	static
../trackle-library/lib/tinydtls/crypto.c:605:1:dtls_encrypt	48	static
../trackle-library/lib/tinydtls/crypto.c:619:1:dtls_decrypt_params	48	static
../trackle-library/lib/tinydtls/crypto.c:647:1:dtls_decrypt	48	static
