../trackle-library/lib/tinydtls/global.h:120:1:equals	32	static
../trackle-library/lib/tinydtls/dtls_debug.h:55:20:check_stack	4	static
../trackle-library/lib/tinydtls/numeric.h:32:19:dtls_int_to_uint8	16	static
../trackle-library/lib/tinydtls/numeric.h:38:19:dtls_int_to_uint16	16	static
../trackle-library/lib/tinydtls/numeric.h:45:19:dtls_int_to_uint24	16	static
../trackle-library/lib/tinydtls/numeric.h:62:19:dtls_int_to_uint48	24	static
../trackle-library/lib/tinydtls/numeric.h:86:23:dtls_uint8_to_int	16	static
../trackle-library/lib/tinydtls/numeric.h:91:24:dtls_uint16_to_int	16	static
../trackle-library/lib/tinydtls/numeric.h:97:24:dtls_uint24_to_int	16	static
../trackle-library/lib/tinydtls/numeric.h:112:24:dtls_uint48_to_int	112	static
../trackle-library/lib/tinydtls/hmac.h:67:1:dtls_hash_init	16	static
../trackle-library/lib/tinydtls/hmac.h:72:1:dtls_hash_update	24	static
../trackle-library/lib/tinydtls/hmac.h:77:1:dtls_hash_finalize	16	static
../trackle-library/lib/tinydtls/peer.h:69:43:dtls_security_params_epoch	16	static
../trackle-library/lib/tinydtls/peer.h:87:43:dtls_security_params_read_epoch	16	static
../trackle-library/lib/tinydtls/peer.h:99:43:dtls_security_params	16	static
../trackle-library/lib/tinydtls/peer.h:104:43:dtls_security_params_next	16	static
../trackle-library/lib/tinydtls/peer.h:117:20:dtls_security_params_free_other	24	static
../trackle-library/lib/tinydtls/peer.h:129:20:dtls_security_params_switch	24	static
../trackle-library/lib/tinydtls/alert.h:62:1:dtls_alert_create	16	static
../trackle-library/lib/tinydtls/alert.h:68:1:dtls_alert_fatal_create	16	static
../trackle-library/lib/tinydtls/alert.h:80:1:dtls_is_alert	16	static
../trackle-library/lib/tinydtls/netq.h:77:20:netq_init	4	static
../trackle-library/lib/tinydtls/dtls.c:207:1:malloc_context	4	static
../trackle-library/lib/tinydtls/dtls.c:213:1:free_context	16	static
../trackle-library/lib/tinydtls/dtls.c:249:6:dtls_init	8	static
../trackle-library/lib/tinydtls/dtls.c:296:1:dtls_send	40	static
../trackle-library/lib/tinydtls/dtls.c:309:1:dtls_get_peer	48	static
../trackle-library/lib/tinydtls/dtls.c:322:1:dtls_add_peer	80	static
../trackle-library/lib/tinydtls/dtls.c:328:5:dtls_writev	48	static
../trackle-library/lib/tinydtls/dtls.c:362:5:dtls_write	32	static
../trackle-library/lib/tinydtls/dtls.c:369:1:dtls_get_cookie	24	static
../trackle-library/lib/tinydtls/dtls.c:395:1:dtls_create_cookie	272	static
../trackle-library/lib/tinydtls/dtls.c:488:1:known_content_type	16	static
../trackle-library/lib/tinydtls/dtls.c:499:1:is_record	24	static
../trackle-library/lib/tinydtls/dtls.c:528:1:dtls_set_record_header	32	static
../trackle-library/lib/tinydtls/dtls.c:560:1:dtls_set_handshake_header	24	static
../trackle-library/lib/tinydtls/dtls.c:594:19:is_tls_ecdhe_ecdsa_with_aes_128_ccm_8	16	static
../trackle-library/lib/tinydtls/dtls.c:605:19:is_tls_psk_with_aes_128_ccm_8	16	static
../trackle-library/lib/tinydtls/dtls.c:617:19:is_psk_supported	16	static
../trackle-library/lib/tinydtls/dtls.c:628:19:is_ecdsa_supported	16	static
../trackle-library/lib/tinydtls/dtls.c:641:19:is_ecdsa_client_auth_supported	16	static
../trackle-library/lib/tinydtls/dtls.c:661:1:known_cipher	32	static
../trackle-library/lib/tinydtls/dtls.c:673:13:dtls_debug_keyblock	24	static
../trackle-library/lib/tinydtls/dtls.c:706:1:dtls_handshake_type_to_name	16	static
../trackle-library/lib/tinydtls/dtls.c:738:1:dtls_message_type_to_name	16	static
../trackle-library/lib/tinydtls/dtls.c:759:1:calculate_key_block	176	static
../trackle-library/lib/tinydtls/dtls.c:908:12:verify_ext_eliptic_curves	24	static
../trackle-library/lib/tinydtls/dtls.c:935:12:verify_ext_cert_type	24	static
../trackle-library/lib/tinydtls/dtls.c:962:12:verify_ext_ec_point_formats	24	static
../trackle-library/lib/tinydtls/dtls.c:989:12:verify_ext_sig_hash_algo	32	static
../trackle-library/lib/tinydtls/dtls.c:1023:1:dtls_check_tls_extension	48	static
../trackle-library/lib/tinydtls/dtls.c:1170:1:dtls_update_parameters	40	static
../trackle-library/lib/tinydtls/dtls.c:1308:1:check_client_keyexchange	32	static
../trackle-library/lib/tinydtls/dtls.c:1383:1:update_hs_hash	32	static
../trackle-library/lib/tinydtls/dtls.c:1390:1:copy_hs_hash	16	static
../trackle-library/lib/tinydtls/dtls.c:1397:1:finalize_hs_hash	16	static
../trackle-library/lib/tinydtls/dtls.c:1403:1:clear_hs_hash	16	static
../trackle-library/lib/tinydtls/dtls.c:1421:1:check_finished	232	static
../trackle-library/lib/tinydtls/dtls.c:1504:1:dtls_prepare_record	104	static
../trackle-library/lib/tinydtls/dtls.c:1682:1:dtls_0_send_alert	64	static
../trackle-library/lib/tinydtls/dtls.c:1706:1:dtls_0_send_alert_from_err	32	static
../trackle-library/lib/tinydtls/dtls.c:1739:1:dtls_0_send_hello_verify_request	88	static
../trackle-library/lib/tinydtls/dtls.c:1774:1:dtls_send_handshake_msg_hash	88	static
../trackle-library/lib/tinydtls/dtls.c:1815:1:dtls_send_handshake_msg	40	static
../trackle-library/lib/tinydtls/dtls.c:1869:1:dtls_send_multi	1472	static
../trackle-library/lib/tinydtls/dtls.c:1985:1:dtls_send_alert	48	static
../trackle-library/lib/tinydtls/dtls.c:2041:5:dtls_close	24	static
../trackle-library/lib/tinydtls/dtls.c:2059:1:dtls_destroy_peer	40	static
../trackle-library/lib/tinydtls/dtls.c:2089:1:dtls_0_verify_peer	72	static
../trackle-library/lib/tinydtls/dtls.c:2169:1:dtls_asn1_len	24	static
../trackle-library/lib/tinydtls/dtls.c:2198:1:dtls_asn1_integer_to_ec_key	32	static
../trackle-library/lib/tinydtls/dtls.c:2238:1:dtls_check_ecdsa_signature_elem	32	static
../trackle-library/lib/tinydtls/dtls.c:2313:1:check_client_certificate_verify	248	static
../trackle-library/lib/tinydtls/dtls.c:2368:1:dtls_send_server_hello	112	static
../trackle-library/lib/tinydtls/dtls.c:2478:1:dtls_send_certificate_ecdsa	144	static
../trackle-library/lib/tinydtls/dtls.c:2509:1:dtls_add_ecdsa_signature_elem	32	static
../trackle-library/lib/tinydtls/dtls.c:2556:1:dtls_send_server_key_exchange_ecdh	296	static
../trackle-library/lib/tinydtls/dtls.c:2621:1:dtls_send_server_key_exchange_psk	72	static
../trackle-library/lib/tinydtls/dtls.c:2652:1:dtls_send_server_certificate_request	40	static
../trackle-library/lib/tinydtls/dtls.c:2694:1:dtls_send_server_hello_done	24	static
../trackle-library/lib/tinydtls/dtls.c:2706:1:dtls_send_server_hello_msgs	88	static
../trackle-library/lib/tinydtls/dtls.c:2801:1:dtls_send_ccs	32	static
../trackle-library/lib/tinydtls/dtls.c:2809:1:dtls_send_client_key_exchange	136	static
../trackle-library/lib/tinydtls/dtls.c:2919:1:dtls_send_certificate_verify_ecdh	328	static
../trackle-library/lib/tinydtls/dtls.c:2955:1:dtls_send_finished	240	static
../trackle-library/lib/tinydtls/dtls.c:2986:1:dtls_send_client_hello	176	static
../trackle-library/lib/tinydtls/dtls.c:3167:1:check_server_hello	32	static
../trackle-library/lib/tinydtls/dtls.c:3255:1:check_server_hello_verify_request	32	static
../trackle-library/lib/tinydtls/dtls.c:3279:1:check_server_certificate	48	static
../trackle-library/lib/tinydtls/dtls.c:3332:1:check_server_key_exchange_ecdsa	144	static
../trackle-library/lib/tinydtls/dtls.c:3429:1:check_server_key_exchange_psk	32	static
../trackle-library/lib/tinydtls/dtls.c:3474:1:check_certificate_request	48	static
../trackle-library/lib/tinydtls/dtls.c:3570:1:check_server_hellodone	48	static
../trackle-library/lib/tinydtls/dtls.c:3651:1:decrypt_verify	104	static
../trackle-library/lib/tinydtls/dtls.c:3729:1:dtls_send_hello_request	32	static
../trackle-library/lib/tinydtls/dtls.c:3736:5:dtls_renegotiate	24	static
../trackle-library/lib/tinydtls/dtls.c:3789:1:handle_verified_client_hello	32	static
../trackle-library/lib/tinydtls/dtls.c:3826:1:handle_handshake_msg	64	static
../trackle-library/lib/tinydtls/dtls.c:4198:1:handle_0_verified_client_hello	48	static
../trackle-library/lib/tinydtls/dtls.c:4282:1:handle_0_client_hello	48	static
../trackle-library/lib/tinydtls/dtls.c:4331:1:handle_handshake	72	static
../trackle-library/lib/tinydtls/dtls.c:4480:1:handle_ccs	40	static
../trackle-library/lib/tinydtls/dtls.c:4528:1:handle_alert	56	static
../trackle-library/lib/tinydtls/dtls.c:4593:12:dtls_alert_send_from_err	32	static
../trackle-library/lib/tinydtls/dtls.c:4615:5:dtls_handle_message	208	static
../trackle-library/lib/tinydtls/dtls.c:4912:1:dtls_new_context	24	static
../trackle-library/lib/tinydtls/dtls.c:4949:6:dtls_reset_peer	16	static
../trackle-library/lib/tinydtls/dtls.c:4954:6:dtls_free_context	24	static
../trackle-library/lib/tinydtls/dtls.c:4979:5:dtls_connect_peer	24	static
../trackle-library/lib/tinydtls/dtls.c:5020:5:dtls_connect	32	static
../trackle-library/lib/tinydtls/dtls.c:5053:1:dtls_retransmit	1472	static
../trackle-library/lib/tinydtls/dtls.c:5131:1:dtls_stop_retransmission	24	static
../trackle-library/lib/tinydtls/dtls.c:5150:6:dtls_check_retransmit	24	static
